Archive member included because of file (symbol)

C:/WinAVR/lib/gcc/avr/3.4.6/avr4\libgcc.a(_udivmodhi4.o)
                              uprint.o (__udivmodhi4)
C:/WinAVR/lib/gcc/avr/3.4.6/avr4\libgcc.a(_udivmodsi4.o)
                              uprint.o (__udivmodsi4)
C:/WinAVR/lib/gcc/avr/3.4.6/avr4\libgcc.a(_copy_data.o)
                              freq-meter.o (__do_copy_data)
C:/WinAVR/lib/gcc/avr/3.4.6/avr4\libgcc.a(_clear_bss.o)
                              freq-meter.o (__do_clear_bss)
C:/WinAVR/lib/gcc/avr/3.4.6/avr4\libgcc.a(_fixunssfsi.o)
                              freq-meter.o (__fixunssfsi)
C:/WinAVR/lib/gcc/avr/3.4.6/avr4\libgcc.a(_addsub_sf.o)
                              freq-meter.o (__addsf3)
C:/WinAVR/lib/gcc/avr/3.4.6/avr4\libgcc.a(_mul_sf.o)
                              freq-meter.o (__mulsf3)
C:/WinAVR/lib/gcc/avr/3.4.6/avr4\libgcc.a(_ge_sf.o)
                              C:/WinAVR/lib/gcc/avr/3.4.6/avr4\libgcc.a(_fixunssfsi.o) (__gesf2)
C:/WinAVR/lib/gcc/avr/3.4.6/avr4\libgcc.a(_si_to_sf.o)
                              freq-meter.o (__floatsisf)
C:/WinAVR/lib/gcc/avr/3.4.6/avr4\libgcc.a(_sf_to_si.o)
                              C:/WinAVR/lib/gcc/avr/3.4.6/avr4\libgcc.a(_fixunssfsi.o) (__fixsfsi)
C:/WinAVR/lib/gcc/avr/3.4.6/avr4\libgcc.a(_thenan_sf.o)
                              C:/WinAVR/lib/gcc/avr/3.4.6/avr4\libgcc.a(_addsub_sf.o) (__thenan_sf)
C:/WinAVR/lib/gcc/avr/3.4.6/avr4\libgcc.a(_prologue.o)
                              C:/WinAVR/lib/gcc/avr/3.4.6/avr4\libgcc.a(_addsub_sf.o) (__prologue_saves__)
C:/WinAVR/lib/gcc/avr/3.4.6/avr4\libgcc.a(_epilogue.o)
                              C:/WinAVR/lib/gcc/avr/3.4.6/avr4\libgcc.a(_addsub_sf.o) (__epilogue_restores__)
C:/WinAVR/lib/gcc/avr/3.4.6/avr4\libgcc.a(_pack_sf.o)
                              C:/WinAVR/lib/gcc/avr/3.4.6/avr4\libgcc.a(_addsub_sf.o) (__pack_f)
C:/WinAVR/lib/gcc/avr/3.4.6/avr4\libgcc.a(_unpack_sf.o)
                              C:/WinAVR/lib/gcc/avr/3.4.6/avr4\libgcc.a(_addsub_sf.o) (__unpack_f)
C:/WinAVR/lib/gcc/avr/3.4.6/avr4\libgcc.a(_fpcmp_parts_sf.o)
                              C:/WinAVR/lib/gcc/avr/3.4.6/avr4\libgcc.a(_ge_sf.o) (__fpcmp_parts_f)

Allocating common symbols
Common symbol       size              file

frequency           0x4               freq-meter.o
sT1_ovc             0x1               freq-meter.o
sTCNT1H             0x1               freq-meter.o
display_refresh     0x2               freq-meter.o
scounter            0x4               freq-meter.o
sTCNT1L             0x1               freq-meter.o

Memory Configuration

Name             Origin             Length             Attributes
text             0x00000000         0x00002000         xr
data             0x00800060         0x0000ffa0         rw !x
eeprom           0x00810000         0x00010000         rw !x
*default*        0x00000000         0xffffffff

Linker script and memory map

LOAD C:/WinAVR/bin/../lib/gcc/avr/3.4.6/../../../../avr/lib/avr4/crtm8.o
LOAD freq-meter.o
LOAD main.o
LOAD avr-io.o
LOAD adc.o
LOAD 74hc595.o
LOAD 4wire-1602.o
LOAD timer.o
LOAD uprint.o
LOAD C:/WinAVR/lib/gcc/avr/3.4.6/avr4\libgcc.a
LOAD C:/WinAVR/bin/../lib/gcc/avr/3.4.6/../../../../avr/lib/avr4\libc.a
LOAD C:/WinAVR/lib/gcc/avr/3.4.6/avr4\libgcc.a

.hash
 *(.hash)

.dynsym
 *(.dynsym)

.dynstr
 *(.dynstr)

.gnu.version
 *(.gnu.version)

.gnu.version_d
 *(.gnu.version_d)

.gnu.version_r
 *(.gnu.version_r)

.rel.init
 *(.rel.init)

.rela.init
 *(.rela.init)

.rel.text
 *(.rel.text)
 *(.rel.text.*)
 *(.rel.gnu.linkonce.t*)

.rela.text
 *(.rela.text)
 *(.rela.text.*)
 *(.rela.gnu.linkonce.t*)

.rel.fini
 *(.rel.fini)

.rela.fini
 *(.rela.fini)

.rel.rodata
 *(.rel.rodata)
 *(.rel.rodata.*)
 *(.rel.gnu.linkonce.r*)

.rela.rodata
 *(.rela.rodata)
 *(.rela.rodata.*)
 *(.rela.gnu.linkonce.r*)

.rel.data
 *(.rel.data)
 *(.rel.data.*)
 *(.rel.gnu.linkonce.d*)

.rela.data
 *(.rela.data)
 *(.rela.data.*)
 *(.rela.gnu.linkonce.d*)

.rel.ctors
 *(.rel.ctors)

.rela.ctors
 *(.rela.ctors)

.rel.dtors
 *(.rel.dtors)

.rela.dtors
 *(.rela.dtors)

.rel.got
 *(.rel.got)

.rela.got
 *(.rela.got)

.rel.bss
 *(.rel.bss)

.rela.bss
 *(.rela.bss)

.rel.plt
 *(.rel.plt)

.rela.plt
 *(.rela.plt)

.text           0x00000000     0x1666
 *(.vectors)
 .vectors       0x00000000       0x26 C:/WinAVR/bin/../lib/gcc/avr/3.4.6/../../../../avr/lib/avr4/crtm8.o
                0x00000000                __vectors
                0x00000000                __vector_default
                0x00000026                __ctors_start = .
 *(.ctors)
                0x00000026                __ctors_end = .
                0x00000026                __dtors_start = .
 *(.dtors)
                0x00000026                __dtors_end = .
 *(.progmem.gcc*)
 *(.progmem*)
                0x00000026                . = ALIGN (0x2)
 *(.init0)
 *(.init1)
 *(.init2)
 .init2         0x00000026        0xc C:/WinAVR/bin/../lib/gcc/avr/3.4.6/../../../../avr/lib/avr4/crtm8.o
 *(.init3)
 *(.init4)
 .init4         0x00000032       0x16 C:/WinAVR/lib/gcc/avr/3.4.6/avr4\libgcc.a(_copy_data.o)
                0x00000032                __do_copy_data
 .init4         0x00000048       0x10 C:/WinAVR/lib/gcc/avr/3.4.6/avr4\libgcc.a(_clear_bss.o)
                0x00000048                __do_clear_bss
 *(.init5)
 *(.init6)
 *(.init7)
 *(.init8)
 *(.init9)
 .init9         0x00000058        0x2 C:/WinAVR/bin/../lib/gcc/avr/3.4.6/../../../../avr/lib/avr4/crtm8.o
 *(.text)
 .text          0x0000005a        0x2 C:/WinAVR/bin/../lib/gcc/avr/3.4.6/../../../../avr/lib/avr4/crtm8.o
                0x0000005a                __vector_1
                0x0000005a                __vector_12
                0x0000005a                __bad_interrupt
                0x0000005a                __vector_6
                0x0000005a                __vector_3
                0x0000005a                __vector_11
                0x0000005a                __vector_13
                0x0000005a                __vector_17
                0x0000005a                __vector_7
                0x0000005a                __vector_5
                0x0000005a                __vector_9
                0x0000005a                __vector_2
                0x0000005a                __vector_15
                0x0000005a                __vector_14
                0x0000005a                __vector_10
                0x0000005a                __vector_16
                0x0000005a                __vector_18
 .text          0x0000005c      0x498 freq-meter.o
                0x00000472                freq_main
                0x00000148                reset
                0x00000350                post_display
                0x00000342                v_filter
                0x000000b8                counter_init
                0x00000166                __vector_4
                0x0000005c                read_411
                0x00000126                __vector_8
                0x0000015a                start
                0x00000162                stop
                0x00000454                setup_timers
                0x0000045e                setup_interrupts
 .text          0x000004f4       0x10 main.o
                0x000004f4                main
 .text          0x00000504       0xde avr-io.o
                0x00000578                __port_pullup
                0x00000504                __port_mode
 .text          0x000005e2       0x3c adc.o
                0x000005f6                _adc
                0x000005e2                adc_init
 .text          0x0000061e       0x76 74hc595.o
                0x00000634                shiftout
                0x00000626                init_74hc595
                0x0000067a                write_74hc595
 .text          0x00000694      0x124 4wire-1602.o
                0x000007b2                lcd_putc
                0x000007a6                lcd_clear
                0x00000694                io_delay
                0x0000069c                io_50ms
                0x00000770                lcd_cursor
                0x00000788                lcd_puts
                0x0000073a                lcd1602_init
 .text          0x000007b8       0x44 timer.o
                0x000007b8                delay
 .text          0x000007fc      0x2b8 uprint.o
                0x00000878                print10
                0x000008cc                printLL
                0x00000858                lcd_showhex
                0x00000848                hex2c
                0x000007fc                _swap8
 .text          0x00000ab4       0x4c C:/WinAVR/lib/gcc/avr/3.4.6/avr4\libgcc.a(_fixunssfsi.o)
                0x00000ab4                __fixunssfsi
 .text          0x00000b00      0x2f8 C:/WinAVR/lib/gcc/avr/3.4.6/avr4\libgcc.a(_addsub_sf.o)
                0x00000d9a                __subsf3
                0x00000d44                __addsf3
 .text          0x00000df8      0x22c C:/WinAVR/lib/gcc/avr/3.4.6/avr4\libgcc.a(_mul_sf.o)
                0x00000df8                __mulsf3
 .text          0x00001024       0x62 C:/WinAVR/lib/gcc/avr/3.4.6/avr4\libgcc.a(_ge_sf.o)
                0x00001024                __gesf2
 .text          0x00001086       0xc2 C:/WinAVR/lib/gcc/avr/3.4.6/avr4\libgcc.a(_si_to_sf.o)
                0x00001086                __floatsisf
 .text          0x00001148       0x9e C:/WinAVR/lib/gcc/avr/3.4.6/avr4\libgcc.a(_sf_to_si.o)
                0x00001148                __fixsfsi
 .text          0x000011e6      0x1cc C:/WinAVR/lib/gcc/avr/3.4.6/avr4\libgcc.a(_pack_sf.o)
                0x000011e6                __pack_f
 .text          0x000013b2       0xf4 C:/WinAVR/lib/gcc/avr/3.4.6/avr4\libgcc.a(_unpack_sf.o)
                0x000013b2                __unpack_f
 .text          0x000014a6       0xe6 C:/WinAVR/lib/gcc/avr/3.4.6/avr4\libgcc.a(_fpcmp_parts_sf.o)
                0x000014a6                __fpcmp_parts_f
                0x0000158c                . = ALIGN (0x2)
 *(.text.*)
 .text.libgcc   0x0000158c       0x28 C:/WinAVR/lib/gcc/avr/3.4.6/avr4\libgcc.a(_udivmodhi4.o)
                0x0000158c                __udivmodhi4
 .text.libgcc   0x000015b4       0x44 C:/WinAVR/lib/gcc/avr/3.4.6/avr4\libgcc.a(_udivmodsi4.o)
                0x000015b4                __udivmodsi4
 .text.libgcc   0x000015f8       0x38 C:/WinAVR/lib/gcc/avr/3.4.6/avr4\libgcc.a(_prologue.o)
                0x000015f8                __prologue_saves__
 .text.libgcc   0x00001630       0x36 C:/WinAVR/lib/gcc/avr/3.4.6/avr4\libgcc.a(_epilogue.o)
                0x00001630                __epilogue_restores__
                0x00001666                . = ALIGN (0x2)
 *(.fini9)
 *(.fini8)
 *(.fini7)
 *(.fini6)
 *(.fini5)
 *(.fini4)
 *(.fini3)
 *(.fini2)
 *(.fini1)
 *(.fini0)
                0x00001666                _etext = .

.data           0x00800060       0x2a load address 0x00001666
                0x00800060                PROVIDE (__data_start, .)
 *(.data)
 .data          0x00800060       0x21 freq-meter.o
 .data          0x00800081        0x8 C:/WinAVR/lib/gcc/avr/3.4.6/avr4\libgcc.a(_thenan_sf.o)
                0x00800081                __thenan_sf
 *(.gnu.linkonce.d*)
                0x0080008a                . = ALIGN (0x2)
 *fill*         0x00800089        0x1 00
                0x0080008a                _edata = .
                0x0080008a                PROVIDE (__data_end, .)

.bss            0x0080008a       0x19
                0x0080008a                PROVIDE (__bss_start, .)
 *(.bss)
 .bss           0x0080008a        0x7 freq-meter.o
                0x0080008f                T1_ovc
                0x0080008e                T2_ovc
                0x0080008c                vc
                0x0080008a                vl
 .bss           0x00800091        0x1 4wire-1602.o
 .bss           0x00800092        0x4 timer.o
                0x00800092                jiffers
 *(COMMON)
 COMMON         0x00800096        0xd freq-meter.o
                0x00800096                frequency
                0x0080009a                sT1_ovc
                0x0080009b                sTCNT1H
                0x0080009c                display_refresh
                0x0080009e                scounter
                0x008000a2                sTCNT1L
                0x008000a3                PROVIDE (__bss_end, .)
                0x00001666                __data_load_start = LOADADDR (.data)
                0x00001690                __data_load_end = (__data_load_start + SIZEOF (.data))

.noinit         0x008000a3        0x0
                0x008000a3                PROVIDE (__noinit_start, .)
 *(.noinit*)
                0x008000a3                PROVIDE (__noinit_end, .)
                0x008000a3                _end = .
                0x008000a3                PROVIDE (__heap_start, .)

.eeprom         0x00810000        0x0
 *(.eeprom*)
                0x00810000                __eeprom_end = .

.stab           0x00000000      0x36c
 *(.stab)
 .stab          0x00000000      0x36c C:/WinAVR/bin/../lib/gcc/avr/3.4.6/../../../../avr/lib/avr4/crtm8.o

.stabstr        0x00000000       0x84
 *(.stabstr)
 .stabstr       0x00000000       0x84 C:/WinAVR/bin/../lib/gcc/avr/3.4.6/../../../../avr/lib/avr4/crtm8.o

.stab.excl
 *(.stab.excl)

.stab.exclstr
 *(.stab.exclstr)

.stab.index
 *(.stab.index)

.stab.indexstr
 *(.stab.indexstr)

.comment
 *(.comment)

.debug
 *(.debug)

.line
 *(.line)

.debug_srcinfo
 *(.debug_srcinfo)

.debug_sfnames
 *(.debug_sfnames)

.debug_aranges  0x00000000       0xa0
 *(.debug_aranges)
 .debug_aranges
                0x00000000       0x14 freq-meter.o
 .debug_aranges
                0x00000014       0x14 main.o
 .debug_aranges
                0x00000028       0x14 avr-io.o
 .debug_aranges
                0x0000003c       0x14 adc.o
 .debug_aranges
                0x00000050       0x14 74hc595.o
 .debug_aranges
                0x00000064       0x14 4wire-1602.o
 .debug_aranges
                0x00000078       0x14 timer.o
 .debug_aranges
                0x0000008c       0x14 uprint.o

.debug_pubnames
                0x00000000      0x2d7
 *(.debug_pubnames)
 .debug_pubnames
                0x00000000      0x134 freq-meter.o
 .debug_pubnames
                0x00000134       0x1b main.o
 .debug_pubnames
                0x0000014f       0x34 avr-io.o
 .debug_pubnames
                0x00000183       0x28 adc.o
 .debug_pubnames
                0x000001ab       0x42 74hc595.o
 .debug_pubnames
                0x000001ed       0x73 4wire-1602.o
 .debug_pubnames
                0x00000260       0x28 timer.o
 .debug_pubnames
                0x00000288       0x4f uprint.o

.debug_info     0x00000000      0xcc8
 *(.debug_info)
 .debug_info    0x00000000      0x43d freq-meter.o
 .debug_info    0x0000043d       0x9c main.o
 .debug_info    0x000004d9      0x108 avr-io.o
 .debug_info    0x000005e1       0xd1 adc.o
 .debug_info    0x000006b2      0x172 74hc595.o
 .debug_info    0x00000824      0x29b 4wire-1602.o
 .debug_info    0x00000abf       0xac timer.o
 .debug_info    0x00000b6b      0x15d uprint.o
 *(.gnu.linkonce.wi.*)

.debug_abbrev   0x00000000      0x694
 *(.debug_abbrev)
 .debug_abbrev  0x00000000      0x1ca freq-meter.o
 .debug_abbrev  0x000001ca       0x71 main.o
 .debug_abbrev  0x0000023b       0x84 avr-io.o
 .debug_abbrev  0x000002bf       0x90 adc.o
 .debug_abbrev  0x0000034f      0x101 74hc595.o
 .debug_abbrev  0x00000450      0x12c 4wire-1602.o
 .debug_abbrev  0x0000057c       0x75 timer.o
 .debug_abbrev  0x000005f1       0xa3 uprint.o

.debug_line     0x00000000      0xbfb
 *(.debug_line)
 .debug_line    0x00000000      0x3aa freq-meter.o
 .debug_line    0x000003aa       0x93 main.o
 .debug_line    0x0000043d       0xcd avr-io.o
 .debug_line    0x0000050a      0x100 adc.o
 .debug_line    0x0000060a      0x145 74hc595.o
 .debug_line    0x0000074f      0x22b 4wire-1602.o
 .debug_line    0x0000097a       0xa2 timer.o
 .debug_line    0x00000a1c      0x1df uprint.o

.debug_frame
 *(.debug_frame)

.debug_str      0x00000000      0x3c0
 *(.debug_str)
 .debug_str     0x00000000      0x1d4 freq-meter.o
                                0x214 (size before relaxing)
 .debug_str     0x000001d4       0x17 main.o
                                 0xd6 (size before relaxing)
 .debug_str     0x000001eb       0x4a avr-io.o
                                0x10b (size before relaxing)
 .debug_str     0x00000235       0x41 adc.o
                                 0xf1 (size before relaxing)
 .debug_str     0x00000276       0x5b 74hc595.o
                                0x152 (size before relaxing)
 .debug_str     0x000002d1       0x6a 4wire-1602.o
                                0x1a8 (size before relaxing)
 .debug_str     0x0000033b       0x1f timer.o
                                 0xe3 (size before relaxing)
 .debug_str     0x0000035a       0x66 uprint.o
                                 0xd4 (size before relaxing)

.debug_loc
 *(.debug_loc)

.debug_macinfo
 *(.debug_macinfo)
OUTPUT(xfreq-avr.elf elf32-avr)
