Archive member included because of file (symbol)

C:/WinAVR/lib/gcc/avr/3.4.6\libgcc.a(_copy_data.o)
                              main.o (__do_copy_data)
C:/WinAVR/lib/gcc/avr/3.4.6\libgcc.a(_clear_bss.o)
                              main.o (__do_clear_bss)

Memory Configuration

Name             Origin             Length             Attributes
text             0x00000000         0x00002000         xr
data             0x00800060         0x0000ffa0         rw !x
eeprom           0x00810000         0x00010000         rw !x
*default*        0x00000000         0xffffffff

Linker script and memory map

LOAD C:/WinAVR/bin/../lib/gcc/avr/3.4.6/../../../../avr/lib/crttn13.o
LOAD main.o
LOAD C:/WinAVR/lib/gcc/avr/3.4.6\libgcc.a
LOAD C:/WinAVR/bin/../lib/gcc/avr/3.4.6/../../../../avr/lib\libc.a
LOAD C:/WinAVR/lib/gcc/avr/3.4.6\libgcc.a

.hash
 *(.hash)

.dynsym
 *(.dynsym)

.dynstr
 *(.dynstr)

.gnu.version
 *(.gnu.version)

.gnu.version_d
 *(.gnu.version_d)

.gnu.version_r
 *(.gnu.version_r)

.rel.init
 *(.rel.init)

.rela.init
 *(.rela.init)

.rel.text
 *(.rel.text)
 *(.rel.text.*)
 *(.rel.gnu.linkonce.t*)

.rela.text
 *(.rela.text)
 *(.rela.text.*)
 *(.rela.gnu.linkonce.t*)

.rel.fini
 *(.rel.fini)

.rela.fini
 *(.rela.fini)

.rel.rodata
 *(.rel.rodata)
 *(.rel.rodata.*)
 *(.rel.gnu.linkonce.r*)

.rela.rodata
 *(.rela.rodata)
 *(.rela.rodata.*)
 *(.rela.gnu.linkonce.r*)

.rel.data
 *(.rel.data)
 *(.rel.data.*)
 *(.rel.gnu.linkonce.d*)

.rela.data
 *(.rela.data)
 *(.rela.data.*)
 *(.rela.gnu.linkonce.d*)

.rel.ctors
 *(.rel.ctors)

.rela.ctors
 *(.rela.ctors)

.rel.dtors
 *(.rel.dtors)

.rela.dtors
 *(.rela.dtors)

.rel.got
 *(.rel.got)

.rela.got
 *(.rela.got)

.rel.bss
 *(.rel.bss)

.rela.bss
 *(.rela.bss)

.rel.plt
 *(.rel.plt)

.rela.plt
 *(.rela.plt)

.text           0x00000000      0x27c
 *(.vectors)
 .vectors       0x00000000       0x14 C:/WinAVR/bin/../lib/gcc/avr/3.4.6/../../../../avr/lib/crttn13.o
                0x00000000                __vectors
                0x00000000                __vector_default
                0x00000014                __ctors_start = .
 *(.ctors)
                0x00000014                __ctors_end = .
                0x00000014                __dtors_start = .
 *(.dtors)
                0x00000014                __dtors_end = .
 *(.progmem.gcc*)
 *(.progmem*)
                0x00000014                . = ALIGN (0x2)
 *(.init0)
 *(.init1)
 *(.init2)
 .init2         0x00000014        0x8 C:/WinAVR/bin/../lib/gcc/avr/3.4.6/../../../../avr/lib/crttn13.o
 *(.init3)
 *(.init4)
 .init4         0x0000001c       0x18 C:/WinAVR/lib/gcc/avr/3.4.6\libgcc.a(_copy_data.o)
                0x0000001c                __do_copy_data
 .init4         0x00000034       0x10 C:/WinAVR/lib/gcc/avr/3.4.6\libgcc.a(_clear_bss.o)
                0x00000034                __do_clear_bss
 *(.init5)
 *(.init6)
 *(.init7)
 *(.init8)
 *(.init9)
 .init9         0x00000044        0x2 C:/WinAVR/bin/../lib/gcc/avr/3.4.6/../../../../avr/lib/crttn13.o
 *(.text)
 .text          0x00000046        0x2 C:/WinAVR/bin/../lib/gcc/avr/3.4.6/../../../../avr/lib/crttn13.o
                0x00000046                __vector_1
                0x00000046                __bad_interrupt
                0x00000046                __vector_6
                0x00000046                __vector_3
                0x00000046                __vector_7
                0x00000046                __vector_5
                0x00000046                __vector_4
                0x00000046                __vector_9
                0x00000046                __vector_2
                0x00000046                __vector_8
 .text          0x00000048      0x234 main.o
                0x00000076                sharp_flash
                0x00000124                pwm_init
                0x00000154                main
                0x00000134                pwm_setduty
                0x00000048                keydown
                0x00000138                pwm_demo
                0x00000050                led_test
                0x0000027c                . = ALIGN (0x2)
 *(.text.*)
                0x0000027c                . = ALIGN (0x2)
 *(.fini9)
 *(.fini8)
 *(.fini7)
 *(.fini6)
 *(.fini5)
 *(.fini4)
 *(.fini3)
 *(.fini2)
 *(.fini1)
 *(.fini0)
                0x0000027c                _etext = .

.data           0x00800060        0x2 load address 0x0000027c
                0x00800060                PROVIDE (__data_start, .)
 *(.data)
 .data          0x00800060        0x2 main.o
                0x00800061                mod
                0x00800060                duty
 *(.gnu.linkonce.d*)
                0x00800062                . = ALIGN (0x2)
                0x00800062                _edata = .
                0x00800062                PROVIDE (__data_end, .)

.bss            0x00800062        0x0
                0x00800062                PROVIDE (__bss_start, .)
 *(.bss)
 *(COMMON)
                0x00800062                PROVIDE (__bss_end, .)
                0x0000027c                __data_load_start = LOADADDR (.data)
                0x0000027e                __data_load_end = (__data_load_start + SIZEOF (.data))

.noinit         0x00800062        0x0
                0x00800062                PROVIDE (__noinit_start, .)
 *(.noinit*)
                0x00800062                PROVIDE (__noinit_end, .)
                0x00800062                _end = .
                0x00800062                PROVIDE (__heap_start, .)

.eeprom         0x00810000        0x0
 *(.eeprom*)
                0x00810000                __eeprom_end = .

.stab           0x00000000      0x354
 *(.stab)
 .stab          0x00000000      0x354 C:/WinAVR/bin/../lib/gcc/avr/3.4.6/../../../../avr/lib/crttn13.o

.stabstr        0x00000000       0x84
 *(.stabstr)
 .stabstr       0x00000000       0x84 C:/WinAVR/bin/../lib/gcc/avr/3.4.6/../../../../avr/lib/crttn13.o

.stab.excl
 *(.stab.excl)

.stab.exclstr
 *(.stab.exclstr)

.stab.index
 *(.stab.index)

.stab.indexstr
 *(.stab.indexstr)

.comment
 *(.comment)

.debug
 *(.debug)

.line
 *(.line)

.debug_srcinfo
 *(.debug_srcinfo)

.debug_sfnames
 *(.debug_sfnames)

.debug_aranges  0x00000000       0x14
 *(.debug_aranges)
 .debug_aranges
                0x00000000       0x14 main.o

.debug_pubnames
                0x00000000       0x7f
 *(.debug_pubnames)
 .debug_pubnames
                0x00000000       0x7f main.o

.debug_info     0x00000000      0x537
 *(.debug_info)
 .debug_info    0x00000000      0x537 main.o
 *(.gnu.linkonce.wi.*)

.debug_abbrev   0x00000000      0x180
 *(.debug_abbrev)
 .debug_abbrev  0x00000000      0x180 main.o

.debug_line     0x00000000      0x3de
 *(.debug_line)
 .debug_line    0x00000000      0x3de main.o

.debug_frame
 *(.debug_frame)

.debug_str      0x00000000      0x126
 *(.debug_str)
 .debug_str     0x00000000      0x126 main.o
                                0x164 (size before relaxing)

.debug_loc
 *(.debug_loc)

.debug_macinfo
 *(.debug_macinfo)
OUTPUT(attinny13.elf elf32-avr)

.debug_ranges   0x0000027c       0x5c
 .debug_ranges  0x0000027c       0x5c main.o
