Archive member included because of file (symbol)

C:/WinAVR/lib/gcc/avr/3.4.6/avr4\libgcc.a(_udivmodhi4.o)
                              4wire-1602.o (__udivmodhi4)
C:/WinAVR/lib/gcc/avr/3.4.6/avr4\libgcc.a(_copy_data.o)
                              main.o (__do_copy_data)
C:/WinAVR/lib/gcc/avr/3.4.6/avr4\libgcc.a(_clear_bss.o)
                              main.o (__do_clear_bss)
C:/WinAVR/lib/gcc/avr/3.4.6/avr4\libgcc.a(_fixunssfsi.o)
                              charger.o (__fixunssfsi)
C:/WinAVR/lib/gcc/avr/3.4.6/avr4\libgcc.a(_addsub_sf.o)
                              charger.o (__addsf3)
C:/WinAVR/lib/gcc/avr/3.4.6/avr4\libgcc.a(_mul_sf.o)
                              main.o (__mulsf3)
C:/WinAVR/lib/gcc/avr/3.4.6/avr4\libgcc.a(_div_sf.o)
                              charger.o (__divsf3)
C:/WinAVR/lib/gcc/avr/3.4.6/avr4\libgcc.a(_gt_sf.o)
                              charger.o (__gtsf2)
C:/WinAVR/lib/gcc/avr/3.4.6/avr4\libgcc.a(_ge_sf.o)
                              charger.o (__gesf2)
C:/WinAVR/lib/gcc/avr/3.4.6/avr4\libgcc.a(_lt_sf.o)
                              charger.o (__ltsf2)
C:/WinAVR/lib/gcc/avr/3.4.6/avr4\libgcc.a(_le_sf.o)
                              charger.o (__lesf2)
C:/WinAVR/lib/gcc/avr/3.4.6/avr4\libgcc.a(_si_to_sf.o)
                              charger.o (__floatsisf)
C:/WinAVR/lib/gcc/avr/3.4.6/avr4\libgcc.a(_sf_to_si.o)
                              main.o (__fixsfsi)
C:/WinAVR/lib/gcc/avr/3.4.6/avr4\libgcc.a(_thenan_sf.o)
                              C:/WinAVR/lib/gcc/avr/3.4.6/avr4\libgcc.a(_addsub_sf.o) (__thenan_sf)
C:/WinAVR/lib/gcc/avr/3.4.6/avr4\libgcc.a(_prologue.o)
                              C:/WinAVR/lib/gcc/avr/3.4.6/avr4\libgcc.a(_addsub_sf.o) (__prologue_saves__)
C:/WinAVR/lib/gcc/avr/3.4.6/avr4\libgcc.a(_epilogue.o)
                              C:/WinAVR/lib/gcc/avr/3.4.6/avr4\libgcc.a(_addsub_sf.o) (__epilogue_restores__)
C:/WinAVR/lib/gcc/avr/3.4.6/avr4\libgcc.a(_pack_sf.o)
                              C:/WinAVR/lib/gcc/avr/3.4.6/avr4\libgcc.a(_addsub_sf.o) (__pack_f)
C:/WinAVR/lib/gcc/avr/3.4.6/avr4\libgcc.a(_unpack_sf.o)
                              C:/WinAVR/lib/gcc/avr/3.4.6/avr4\libgcc.a(_addsub_sf.o) (__unpack_f)
C:/WinAVR/lib/gcc/avr/3.4.6/avr4\libgcc.a(_fpcmp_parts_sf.o)
                              C:/WinAVR/lib/gcc/avr/3.4.6/avr4\libgcc.a(_gt_sf.o) (__fpcmp_parts_f)

Allocating common symbols
Common symbol       size              file

charger             0x21              main.o

Memory Configuration

Name             Origin             Length             Attributes
text             0x00000000         0x00002000         xr
data             0x00800060         0x0000ffa0         rw !x
eeprom           0x00810000         0x00010000         rw !x
*default*        0x00000000         0xffffffff

Linker script and memory map

LOAD C:/WinAVR/bin/../lib/gcc/avr/3.4.6/../../../../avr/lib/avr4/crtm8.o
LOAD main.o
LOAD led.o
LOAD pwm.o
LOAD 74hc595.o
LOAD avrio.o
LOAD 4wire-1602.o
LOAD adc.o
LOAD charger.o
LOAD timer0.o
LOAD C:/WinAVR/lib/gcc/avr/3.4.6/avr4\libgcc.a
LOAD C:/WinAVR/bin/../lib/gcc/avr/3.4.6/../../../../avr/lib/avr4\libc.a
LOAD C:/WinAVR/lib/gcc/avr/3.4.6/avr4\libgcc.a

.hash
 *(.hash)

.dynsym
 *(.dynsym)

.dynstr
 *(.dynstr)

.gnu.version
 *(.gnu.version)

.gnu.version_d
 *(.gnu.version_d)

.gnu.version_r
 *(.gnu.version_r)

.rel.init
 *(.rel.init)

.rela.init
 *(.rela.init)

.rel.text
 *(.rel.text)
 *(.rel.text.*)
 *(.rel.gnu.linkonce.t*)

.rela.text
 *(.rela.text)
 *(.rela.text.*)
 *(.rela.gnu.linkonce.t*)

.rel.fini
 *(.rel.fini)

.rela.fini
 *(.rela.fini)

.rel.rodata
 *(.rel.rodata)
 *(.rel.rodata.*)
 *(.rel.gnu.linkonce.r*)

.rela.rodata
 *(.rela.rodata)
 *(.rela.rodata.*)
 *(.rela.gnu.linkonce.r*)

.rel.data
 *(.rel.data)
 *(.rel.data.*)
 *(.rel.gnu.linkonce.d*)

.rela.data
 *(.rela.data)
 *(.rela.data.*)
 *(.rela.gnu.linkonce.d*)

.rel.ctors
 *(.rel.ctors)

.rela.ctors
 *(.rela.ctors)

.rel.dtors
 *(.rel.dtors)

.rela.dtors
 *(.rela.dtors)

.rel.got
 *(.rel.got)

.rela.got
 *(.rela.got)

.rel.bss
 *(.rel.bss)

.rela.bss
 *(.rela.bss)

.rel.plt
 *(.rel.plt)

.rela.plt
 *(.rela.plt)

.text           0x00000000     0x1d80
 *(.vectors)
 .vectors       0x00000000       0x26 C:/WinAVR/bin/../lib/gcc/avr/3.4.6/../../../../avr/lib/avr4/crtm8.o
                0x00000000                __vectors
                0x00000000                __vector_default
                0x00000026                __ctors_start = .
 *(.ctors)
                0x00000026                __ctors_end = .
                0x00000026                __dtors_start = .
 *(.dtors)
                0x00000026                __dtors_end = .
 *(.progmem.gcc*)
 *(.progmem*)
                0x00000026                . = ALIGN (0x2)
 *(.init0)
 *(.init1)
 *(.init2)
 .init2         0x00000026        0xc C:/WinAVR/bin/../lib/gcc/avr/3.4.6/../../../../avr/lib/avr4/crtm8.o
 *(.init3)
 *(.init4)
 .init4         0x00000032       0x16 C:/WinAVR/lib/gcc/avr/3.4.6/avr4\libgcc.a(_copy_data.o)
                0x00000032                __do_copy_data
 .init4         0x00000048       0x10 C:/WinAVR/lib/gcc/avr/3.4.6/avr4\libgcc.a(_clear_bss.o)
                0x00000048                __do_clear_bss
 *(.init5)
 *(.init6)
 *(.init7)
 *(.init8)
 *(.init9)
 .init9         0x00000058        0x2 C:/WinAVR/bin/../lib/gcc/avr/3.4.6/../../../../avr/lib/avr4/crtm8.o
 *(.text)
 .text          0x0000005a        0x2 C:/WinAVR/bin/../lib/gcc/avr/3.4.6/../../../../avr/lib/avr4/crtm8.o
                0x0000005a                __vector_1
                0x0000005a                __vector_12
                0x0000005a                __bad_interrupt
                0x0000005a                __vector_6
                0x0000005a                __vector_3
                0x0000005a                __vector_11
                0x0000005a                __vector_13
                0x0000005a                __vector_17
                0x0000005a                __vector_7
                0x0000005a                __vector_5
                0x0000005a                __vector_4
                0x0000005a                __vector_2
                0x0000005a                __vector_15
                0x0000005a                __vector_8
                0x0000005a                __vector_14
                0x0000005a                __vector_10
                0x0000005a                __vector_16
                0x0000005a                __vector_18
 .text          0x0000005c      0x118 main.o
                0x00000104                main
                0x0000005c                keydown
                0x00000078                keyup
                0x00000094                updata_lcd
 .text          0x00000174       0x1e led.o
                0x00000174                led_init
 .text          0x00000192       0x32 pwm.o
                0x000001bc                pwm_getduty
                0x00000192                pwm_init
                0x000001b4                pwm_setduty
 .text          0x000001c4       0x76 74hc595.o
                0x000001da                shiftout
                0x000001cc                init_74hc595
                0x00000220                write_74hc595
 .text          0x0000023a       0xc0 avrio.o
                0x0000023a                __set_port_mode
                0x000002b6                delay
 .text          0x000002fa      0x230 4wire-1602.o
                0x00000498                print10
                0x00000524                lcd_putc
                0x0000037a                io_delay
                0x00000382                io_50ms
                0x00000452                lcd_cursor
                0x0000046a                lcd_puts
                0x0000041c                lcd1602_init
                0x00000488                hex2c
 .text          0x0000052a       0x3c adc.o
                0x0000053e                _adc
                0x0000052a                adc_init
 .text          0x00000566      0x95c charger.o
                0x000007b2                info
                0x00000738                adc_A
                0x000007cc                infon
                0x0000083e                in_chaging
                0x00000bae                charging
                0x000007f4                init_ic
                0x00000ce8                detect_type
                0x00000566                lowpass_adc
                0x00000d6a                detect_array
                0x00000bf8                detect_cell
                0x000008f8                charging_mode
                0x0000078e                ic_update_lcd
                0x00000e0a                stop
                0x000006f4                adc_V
                0x00000840                adj_current
 .text          0x00000ec2       0xd4 timer0.o
                0x00000f8e                disable_timer0
                0x00000f86                enable_timer0
                0x00000f7c                timer0_init
                0x00000ec2                __vector_9
 .text          0x00000f96       0x4c C:/WinAVR/lib/gcc/avr/3.4.6/avr4\libgcc.a(_fixunssfsi.o)
                0x00000f96                __fixunssfsi
 .text          0x00000fe2      0x2f8 C:/WinAVR/lib/gcc/avr/3.4.6/avr4\libgcc.a(_addsub_sf.o)
                0x0000127c                __subsf3
                0x00001226                __addsf3
 .text          0x000012da      0x22c C:/WinAVR/lib/gcc/avr/3.4.6/avr4\libgcc.a(_mul_sf.o)
                0x000012da                __mulsf3
 .text          0x00001506      0x156 C:/WinAVR/lib/gcc/avr/3.4.6/avr4\libgcc.a(_div_sf.o)
                0x00001506                __divsf3
 .text          0x0000165c       0x62 C:/WinAVR/lib/gcc/avr/3.4.6/avr4\libgcc.a(_gt_sf.o)
                0x0000165c                __gtsf2
 .text          0x000016be       0x62 C:/WinAVR/lib/gcc/avr/3.4.6/avr4\libgcc.a(_ge_sf.o)
                0x000016be                __gesf2
 .text          0x00001720       0x62 C:/WinAVR/lib/gcc/avr/3.4.6/avr4\libgcc.a(_lt_sf.o)
                0x00001720                __ltsf2
 .text          0x00001782       0x62 C:/WinAVR/lib/gcc/avr/3.4.6/avr4\libgcc.a(_le_sf.o)
                0x00001782                __lesf2
 .text          0x000017e4       0xc2 C:/WinAVR/lib/gcc/avr/3.4.6/avr4\libgcc.a(_si_to_sf.o)
                0x000017e4                __floatsisf
 .text          0x000018a6       0x9e C:/WinAVR/lib/gcc/avr/3.4.6/avr4\libgcc.a(_sf_to_si.o)
                0x000018a6                __fixsfsi
 .text          0x00001944      0x1cc C:/WinAVR/lib/gcc/avr/3.4.6/avr4\libgcc.a(_pack_sf.o)
                0x00001944                __pack_f
 .text          0x00001b10       0xf4 C:/WinAVR/lib/gcc/avr/3.4.6/avr4\libgcc.a(_unpack_sf.o)
                0x00001b10                __unpack_f
 .text          0x00001c04       0xe6 C:/WinAVR/lib/gcc/avr/3.4.6/avr4\libgcc.a(_fpcmp_parts_sf.o)
                0x00001c04                __fpcmp_parts_f
                0x00001cea                . = ALIGN (0x2)
 *(.text.*)
 .text.libgcc   0x00001cea       0x28 C:/WinAVR/lib/gcc/avr/3.4.6/avr4\libgcc.a(_udivmodhi4.o)
                0x00001cea                __udivmodhi4
 .text.libgcc   0x00001d12       0x38 C:/WinAVR/lib/gcc/avr/3.4.6/avr4\libgcc.a(_prologue.o)
                0x00001d12                __prologue_saves__
 .text.libgcc   0x00001d4a       0x36 C:/WinAVR/lib/gcc/avr/3.4.6/avr4\libgcc.a(_epilogue.o)
                0x00001d4a                __epilogue_restores__
                0x00001d80                . = ALIGN (0x2)
 *(.fini9)
 *(.fini8)
 *(.fini7)
 *(.fini6)
 *(.fini5)
 *(.fini4)
 *(.fini3)
 *(.fini2)
 *(.fini1)
 *(.fini0)
                0x00001d80                _etext = .

.data           0x00800060       0x6c load address 0x00001d80
                0x00800060                PROVIDE (__data_start, .)
 *(.data)
 .data          0x00800060        0x6 main.o
 .data          0x00800066        0x1 led.o
                0x00800066                mod
 .data          0x00800067       0x5d charger.o
                0x00800067                _fun
 .data          0x008000c4        0x8 C:/WinAVR/lib/gcc/avr/3.4.6/avr4\libgcc.a(_thenan_sf.o)
                0x008000c4                __thenan_sf
 *(.gnu.linkonce.d*)
                0x008000cc                . = ALIGN (0x2)
                0x008000cc                _edata = .
                0x008000cc                PROVIDE (__data_end, .)

.bss            0x008000cc       0x33
                0x008000cc                PROVIDE (__bss_start, .)
 *(.bss)
 .bss           0x008000cc        0x2 main.o
                0x008000cc                i
                0x008000cd                duty
 .bss           0x008000ce        0x7 4wire-1602.o
 .bss           0x008000d5        0x1 charger.o
 .bss           0x008000d6        0x8 timer0.o
                0x008000d6                jiffers
 *(COMMON)
 COMMON         0x008000de       0x21 main.o
                0x008000de                charger
                0x008000ff                PROVIDE (__bss_end, .)
                0x00001d80                __data_load_start = LOADADDR (.data)
                0x00001dec                __data_load_end = (__data_load_start + SIZEOF (.data))

.noinit         0x008000ff        0x0
                0x008000ff                PROVIDE (__noinit_start, .)
 *(.noinit*)
                0x008000ff                PROVIDE (__noinit_end, .)
                0x008000ff                _end = .
                0x008000ff                PROVIDE (__heap_start, .)

.eeprom         0x00810000        0x0
 *(.eeprom*)
                0x00810000                __eeprom_end = .

.stab           0x00000000      0x36c
 *(.stab)
 .stab          0x00000000      0x36c C:/WinAVR/bin/../lib/gcc/avr/3.4.6/../../../../avr/lib/avr4/crtm8.o

.stabstr        0x00000000       0x84
 *(.stabstr)
 .stabstr       0x00000000       0x84 C:/WinAVR/bin/../lib/gcc/avr/3.4.6/../../../../avr/lib/avr4/crtm8.o

.stab.excl
 *(.stab.excl)

.stab.exclstr
 *(.stab.exclstr)

.stab.index
 *(.stab.index)

.stab.indexstr
 *(.stab.indexstr)

.comment
 *(.comment)

.debug
 *(.debug)

.line
 *(.line)

.debug_srcinfo
 *(.debug_srcinfo)

.debug_sfnames
 *(.debug_sfnames)

.debug_aranges  0x00000000       0xb4
 *(.debug_aranges)
 .debug_aranges
                0x00000000       0x14 main.o
 .debug_aranges
                0x00000014       0x14 led.o
 .debug_aranges
                0x00000028       0x14 pwm.o
 .debug_aranges
                0x0000003c       0x14 74hc595.o
 .debug_aranges
                0x00000050       0x14 avrio.o
 .debug_aranges
                0x00000064       0x14 4wire-1602.o
 .debug_aranges
                0x00000078       0x14 adc.o
 .debug_aranges
                0x0000008c       0x14 charger.o
 .debug_aranges
                0x000000a0       0x14 timer0.o

.debug_pubnames
                0x00000000      0x320
 *(.debug_pubnames)
 .debug_pubnames
                0x00000000       0x5b main.o
 .debug_pubnames
                0x0000005b       0x27 led.o
 .debug_pubnames
                0x00000082       0x3f pwm.o
 .debug_pubnames
                0x000000c1       0x42 74hc595.o
 .debug_pubnames
                0x00000103       0x30 avrio.o
 .debug_pubnames
                0x00000133       0x7b 4wire-1602.o
 .debug_pubnames
                0x000001ae       0x28 adc.o
 .debug_pubnames
                0x000001d6       0xe8 charger.o
 .debug_pubnames
                0x000002be       0x62 timer0.o

.debug_info     0x00000000     0x14ac
 *(.debug_info)
 .debug_info    0x00000000      0x3ee main.o
 .debug_info    0x000003ee       0x96 led.o
 .debug_info    0x00000484       0xb0 pwm.o
 .debug_info    0x00000534      0x172 74hc595.o
 .debug_info    0x000006a6      0x124 avrio.o
 .debug_info    0x000007ca      0x356 4wire-1602.o
 .debug_info    0x00000b20       0xd1 adc.o
 .debug_info    0x00000bf1      0x7e3 charger.o
 .debug_info    0x000013d4       0xd8 timer0.o
 *(.gnu.linkonce.wi.*)

.debug_abbrev   0x00000000      0x896
 *(.debug_abbrev)
 .debug_abbrev  0x00000000      0x17f main.o
 .debug_abbrev  0x0000017f       0x5f led.o
 .debug_abbrev  0x000001de       0x78 pwm.o
 .debug_abbrev  0x00000256      0x101 74hc595.o
 .debug_abbrev  0x00000357       0x8f avrio.o
 .debug_abbrev  0x000003e6      0x154 4wire-1602.o
 .debug_abbrev  0x0000053a       0x90 adc.o
 .debug_abbrev  0x000005ca      0x251 charger.o
 .debug_abbrev  0x0000081b       0x7b timer0.o

.debug_line     0x00000000      0xe5b
 *(.debug_line)
 .debug_line    0x00000000      0x1d0 main.o
 .debug_line    0x000001d0       0x98 led.o
 .debug_line    0x00000268       0xbc pwm.o
 .debug_line    0x00000324      0x129 74hc595.o
 .debug_line    0x0000044d       0xc5 avrio.o
 .debug_line    0x00000512      0x27b 4wire-1602.o
 .debug_line    0x0000078d       0xe6 adc.o
 .debug_line    0x00000873      0x51d charger.o
 .debug_line    0x00000d90       0xcb timer0.o

.debug_frame
 *(.debug_frame)

.debug_str      0x00000000      0x468
 *(.debug_str)
 .debug_str     0x00000000      0x245 main.o
                                0x2a4 (size before relaxing)
 .debug_str     0x00000245        0x9 led.o
                                 0xc9 (size before relaxing)
 .debug_str     0x0000024e       0x2a pwm.o
                                 0xe1 (size before relaxing)
 .debug_str     0x00000278       0x64 74hc595.o
                                0x138 (size before relaxing)
 .debug_str     0x000002dc       0x2d avrio.o
                                 0xf5 (size before relaxing)
 .debug_str     0x00000309       0x70 4wire-1602.o
                                0x1d0 (size before relaxing)
 .debug_str     0x00000379       0x19 adc.o
                                 0xd9 (size before relaxing)
 .debug_str     0x00000392       0x9f charger.o
                                0x30c (size before relaxing)
 .debug_str     0x00000431       0x37 timer0.o
                                 0xff (size before relaxing)

.debug_loc
 *(.debug_loc)

.debug_macinfo
 *(.debug_macinfo)
OUTPUT(i-charger-m8.elf elf32-avr)
