Archive member included because of file (symbol)

C:/WinAVR/lib/gcc/avr/3.4.6/avr4\libgcc.a(_udivmodhi4.o)
                              4wire-1602.o (__udivmodhi4)
C:/WinAVR/lib/gcc/avr/3.4.6/avr4\libgcc.a(_copy_data.o)
                              main.o (__do_copy_data)
C:/WinAVR/lib/gcc/avr/3.4.6/avr4\libgcc.a(_clear_bss.o)
                              main.o (__do_clear_bss)
C:/WinAVR/lib/gcc/avr/3.4.6/avr4\libgcc.a(_fixunssfsi.o)
                              charger.o (__fixunssfsi)
C:/WinAVR/lib/gcc/avr/3.4.6/avr4\libgcc.a(_addsub_sf.o)
                              charger.o (__addsf3)
C:/WinAVR/lib/gcc/avr/3.4.6/avr4\libgcc.a(_mul_sf.o)
                              main.o (__mulsf3)
C:/WinAVR/lib/gcc/avr/3.4.6/avr4\libgcc.a(_div_sf.o)
                              charger.o (__divsf3)
C:/WinAVR/lib/gcc/avr/3.4.6/avr4\libgcc.a(_gt_sf.o)
                              charger.o (__gtsf2)
C:/WinAVR/lib/gcc/avr/3.4.6/avr4\libgcc.a(_ge_sf.o)
                              charger.o (__gesf2)
C:/WinAVR/lib/gcc/avr/3.4.6/avr4\libgcc.a(_lt_sf.o)
                              charger.o (__ltsf2)
C:/WinAVR/lib/gcc/avr/3.4.6/avr4\libgcc.a(_le_sf.o)
                              charger.o (__lesf2)
C:/WinAVR/lib/gcc/avr/3.4.6/avr4\libgcc.a(_si_to_sf.o)
                              charger.o (__floatsisf)
C:/WinAVR/lib/gcc/avr/3.4.6/avr4\libgcc.a(_sf_to_si.o)
                              main.o (__fixsfsi)
C:/WinAVR/lib/gcc/avr/3.4.6/avr4\libgcc.a(_thenan_sf.o)
                              C:/WinAVR/lib/gcc/avr/3.4.6/avr4\libgcc.a(_addsub_sf.o) (__thenan_sf)
C:/WinAVR/lib/gcc/avr/3.4.6/avr4\libgcc.a(_prologue.o)
                              C:/WinAVR/lib/gcc/avr/3.4.6/avr4\libgcc.a(_addsub_sf.o) (__prologue_saves__)
C:/WinAVR/lib/gcc/avr/3.4.6/avr4\libgcc.a(_epilogue.o)
                              C:/WinAVR/lib/gcc/avr/3.4.6/avr4\libgcc.a(_addsub_sf.o) (__epilogue_restores__)
C:/WinAVR/lib/gcc/avr/3.4.6/avr4\libgcc.a(_pack_sf.o)
                              C:/WinAVR/lib/gcc/avr/3.4.6/avr4\libgcc.a(_addsub_sf.o) (__pack_f)
C:/WinAVR/lib/gcc/avr/3.4.6/avr4\libgcc.a(_unpack_sf.o)
                              C:/WinAVR/lib/gcc/avr/3.4.6/avr4\libgcc.a(_addsub_sf.o) (__unpack_f)
C:/WinAVR/lib/gcc/avr/3.4.6/avr4\libgcc.a(_fpcmp_parts_sf.o)
                              C:/WinAVR/lib/gcc/avr/3.4.6/avr4\libgcc.a(_gt_sf.o) (__fpcmp_parts_f)

Memory Configuration

Name             Origin             Length             Attributes
text             0x00000000         0x00002000         xr
data             0x00800060         0x0000ffa0         rw !x
eeprom           0x00810000         0x00010000         rw !x
*default*        0x00000000         0xffffffff

Linker script and memory map

LOAD C:/WinAVR/bin/../lib/gcc/avr/3.4.6/../../../../avr/lib/avr4/crtm8.o
LOAD main.o
LOAD led.o
LOAD pwm.o
LOAD 74hc595.o
LOAD avrio.o
LOAD 4wire-1602.o
LOAD adc.o
LOAD timer0.o
LOAD charger.o
LOAD C:/WinAVR/lib/gcc/avr/3.4.6/avr4\libgcc.a
LOAD C:/WinAVR/bin/../lib/gcc/avr/3.4.6/../../../../avr/lib/avr4\libc.a
LOAD C:/WinAVR/lib/gcc/avr/3.4.6/avr4\libgcc.a

.hash
 *(.hash)

.dynsym
 *(.dynsym)

.dynstr
 *(.dynstr)

.gnu.version
 *(.gnu.version)

.gnu.version_d
 *(.gnu.version_d)

.gnu.version_r
 *(.gnu.version_r)

.rel.init
 *(.rel.init)

.rela.init
 *(.rela.init)

.rel.text
 *(.rel.text)
 *(.rel.text.*)
 *(.rel.gnu.linkonce.t*)

.rela.text
 *(.rela.text)
 *(.rela.text.*)
 *(.rela.gnu.linkonce.t*)

.rel.fini
 *(.rel.fini)

.rela.fini
 *(.rela.fini)

.rel.rodata
 *(.rel.rodata)
 *(.rel.rodata.*)
 *(.rel.gnu.linkonce.r*)

.rela.rodata
 *(.rela.rodata)
 *(.rela.rodata.*)
 *(.rela.gnu.linkonce.r*)

.rel.data
 *(.rel.data)
 *(.rel.data.*)
 *(.rel.gnu.linkonce.d*)

.rela.data
 *(.rela.data)
 *(.rela.data.*)
 *(.rela.gnu.linkonce.d*)

.rel.ctors
 *(.rel.ctors)

.rela.ctors
 *(.rela.ctors)

.rel.dtors
 *(.rel.dtors)

.rela.dtors
 *(.rela.dtors)

.rel.got
 *(.rel.got)

.rela.got
 *(.rela.got)

.rel.bss
 *(.rel.bss)

.rela.bss
 *(.rela.bss)

.rel.plt
 *(.rel.plt)

.rela.plt
 *(.rela.plt)

.text           0x00000000     0x1c8a
 *(.vectors)
 .vectors       0x00000000       0x26 C:/WinAVR/bin/../lib/gcc/avr/3.4.6/../../../../avr/lib/avr4/crtm8.o
                0x00000000                __vectors
                0x00000000                __vector_default
                0x00000026                __ctors_start = .
 *(.ctors)
                0x00000026                __ctors_end = .
                0x00000026                __dtors_start = .
 *(.dtors)
                0x00000026                __dtors_end = .
 *(.progmem.gcc*)
 *(.progmem*)
                0x00000026                . = ALIGN (0x2)
 *(.init0)
 *(.init1)
 *(.init2)
 .init2         0x00000026        0xc C:/WinAVR/bin/../lib/gcc/avr/3.4.6/../../../../avr/lib/avr4/crtm8.o
 *(.init3)
 *(.init4)
 .init4         0x00000032       0x16 C:/WinAVR/lib/gcc/avr/3.4.6/avr4\libgcc.a(_copy_data.o)
                0x00000032                __do_copy_data
 .init4         0x00000048       0x10 C:/WinAVR/lib/gcc/avr/3.4.6/avr4\libgcc.a(_clear_bss.o)
                0x00000048                __do_clear_bss
 *(.init5)
 *(.init6)
 *(.init7)
 *(.init8)
 *(.init9)
 .init9         0x00000058        0x2 C:/WinAVR/bin/../lib/gcc/avr/3.4.6/../../../../avr/lib/avr4/crtm8.o
 *(.text)
 .text          0x0000005a        0x2 C:/WinAVR/bin/../lib/gcc/avr/3.4.6/../../../../avr/lib/avr4/crtm8.o
                0x0000005a                __vector_1
                0x0000005a                __vector_12
                0x0000005a                __bad_interrupt
                0x0000005a                __vector_6
                0x0000005a                __vector_3
                0x0000005a                __vector_11
                0x0000005a                __vector_13
                0x0000005a                __vector_17
                0x0000005a                __vector_7
                0x0000005a                __vector_5
                0x0000005a                __vector_4
                0x0000005a                __vector_9
                0x0000005a                __vector_2
                0x0000005a                __vector_15
                0x0000005a                __vector_8
                0x0000005a                __vector_14
                0x0000005a                __vector_10
                0x0000005a                __vector_16
                0x0000005a                __vector_18
 .text          0x0000005c      0x10e main.o
                0x00000104                main
                0x0000005c                keydown
                0x00000078                keyup
                0x00000094                updata_lcd
 .text          0x0000016a       0x1a led.o
                0x0000016a                led_init
 .text          0x00000184       0x32 pwm.o
                0x000001ae                pwm_getduty
                0x00000184                pwm_init
                0x000001a6                pwm_setduty
 .text          0x000001b6       0x76 74hc595.o
                0x000001cc                shiftout
                0x000001be                init_74hc595
                0x00000212                write_74hc595
 .text          0x0000022c       0xa4 avrio.o
                0x000002a8                _delay_s
                0x0000022c                __set_port_mode
 .text          0x000002d0      0x230 4wire-1602.o
                0x0000046e                print10
                0x000004fa                lcd_putc
                0x00000350                io_delay
                0x00000358                io_50ms
                0x00000428                lcd_cursor
                0x00000440                lcd_puts
                0x000003f2                lcd1602_init
                0x0000045e                hex2c
 .text          0x00000500       0x3c adc.o
                0x00000514                _adc
                0x00000500                adc_init
 .text          0x0000053c        0xe timer0.o
                0x0000053c                timer0_init
 .text          0x0000054a      0x956 charger.o
                0x00000796                info
                0x0000071c                adc_A
                0x000007b0                infon
                0x000007d8                in_chaging
                0x00000b7a                charging
                0x00000cc6                detect_type
                0x0000054a                lowpass_adc
                0x00000d48                detect_array
                0x00000be4                detect_cell
                0x00000892                charging_mode
                0x00000772                ic_update_lcd
                0x00000de8                stop
                0x000006d8                adc_V
                0x000007da                adj_current
 .text          0x00000ea0       0x4c C:/WinAVR/lib/gcc/avr/3.4.6/avr4\libgcc.a(_fixunssfsi.o)
                0x00000ea0                __fixunssfsi
 .text          0x00000eec      0x2f8 C:/WinAVR/lib/gcc/avr/3.4.6/avr4\libgcc.a(_addsub_sf.o)
                0x00001186                __subsf3
                0x00001130                __addsf3
 .text          0x000011e4      0x22c C:/WinAVR/lib/gcc/avr/3.4.6/avr4\libgcc.a(_mul_sf.o)
                0x000011e4                __mulsf3
 .text          0x00001410      0x156 C:/WinAVR/lib/gcc/avr/3.4.6/avr4\libgcc.a(_div_sf.o)
                0x00001410                __divsf3
 .text          0x00001566       0x62 C:/WinAVR/lib/gcc/avr/3.4.6/avr4\libgcc.a(_gt_sf.o)
                0x00001566                __gtsf2
 .text          0x000015c8       0x62 C:/WinAVR/lib/gcc/avr/3.4.6/avr4\libgcc.a(_ge_sf.o)
                0x000015c8                __gesf2
 .text          0x0000162a       0x62 C:/WinAVR/lib/gcc/avr/3.4.6/avr4\libgcc.a(_lt_sf.o)
                0x0000162a                __ltsf2
 .text          0x0000168c       0x62 C:/WinAVR/lib/gcc/avr/3.4.6/avr4\libgcc.a(_le_sf.o)
                0x0000168c                __lesf2
 .text          0x000016ee       0xc2 C:/WinAVR/lib/gcc/avr/3.4.6/avr4\libgcc.a(_si_to_sf.o)
                0x000016ee                __floatsisf
 .text          0x000017b0       0x9e C:/WinAVR/lib/gcc/avr/3.4.6/avr4\libgcc.a(_sf_to_si.o)
                0x000017b0                __fixsfsi
 .text          0x0000184e      0x1cc C:/WinAVR/lib/gcc/avr/3.4.6/avr4\libgcc.a(_pack_sf.o)
                0x0000184e                __pack_f
 .text          0x00001a1a       0xf4 C:/WinAVR/lib/gcc/avr/3.4.6/avr4\libgcc.a(_unpack_sf.o)
                0x00001a1a                __unpack_f
 .text          0x00001b0e       0xe6 C:/WinAVR/lib/gcc/avr/3.4.6/avr4\libgcc.a(_fpcmp_parts_sf.o)
                0x00001b0e                __fpcmp_parts_f
                0x00001bf4                . = ALIGN (0x2)
 *(.text.*)
 .text.libgcc   0x00001bf4       0x28 C:/WinAVR/lib/gcc/avr/3.4.6/avr4\libgcc.a(_udivmodhi4.o)
                0x00001bf4                __udivmodhi4
 .text.libgcc   0x00001c1c       0x38 C:/WinAVR/lib/gcc/avr/3.4.6/avr4\libgcc.a(_prologue.o)
                0x00001c1c                __prologue_saves__
 .text.libgcc   0x00001c54       0x36 C:/WinAVR/lib/gcc/avr/3.4.6/avr4\libgcc.a(_epilogue.o)
                0x00001c54                __epilogue_restores__
                0x00001c8a                . = ALIGN (0x2)
 *(.fini9)
 *(.fini8)
 *(.fini7)
 *(.fini6)
 *(.fini5)
 *(.fini4)
 *(.fini3)
 *(.fini2)
 *(.fini1)
 *(.fini0)
                0x00001c8a                _etext = .

.data           0x00800060       0x6c load address 0x00001c8a
                0x00800060                PROVIDE (__data_start, .)
 *(.data)
 .data          0x00800060        0x6 main.o
 .data          0x00800066        0x1 led.o
                0x00800066                mod
 .data          0x00800067       0x5d charger.o
                0x00800067                _fun
 .data          0x008000c4        0x8 C:/WinAVR/lib/gcc/avr/3.4.6/avr4\libgcc.a(_thenan_sf.o)
                0x008000c4                __thenan_sf
 *(.gnu.linkonce.d*)
                0x008000cc                . = ALIGN (0x2)
                0x008000cc                _edata = .
                0x008000cc                PROVIDE (__data_end, .)

.bss            0x008000cc       0x2f
                0x008000cc                PROVIDE (__bss_start, .)
 *(.bss)
 .bss           0x008000cc       0x1f main.o
                0x008000ce                charger
                0x008000cc                i
                0x008000cd                duty
 .bss           0x008000eb        0x7 4wire-1602.o
 .bss           0x008000f2        0x4 timer0.o
                0x008000f2                jiffers
 .bss           0x008000f6        0x5 charger.o
 *(COMMON)
                0x008000fb                PROVIDE (__bss_end, .)
                0x00001c8a                __data_load_start = LOADADDR (.data)
                0x00001cf6                __data_load_end = (__data_load_start + SIZEOF (.data))

.noinit         0x008000fb        0x0
                0x008000fb                PROVIDE (__noinit_start, .)
 *(.noinit*)
                0x008000fb                PROVIDE (__noinit_end, .)
                0x008000fb                _end = .
                0x008000fb                PROVIDE (__heap_start, .)

.eeprom         0x00810000        0x0
 *(.eeprom*)
                0x00810000                __eeprom_end = .

.stab           0x00000000      0x36c
 *(.stab)
 .stab          0x00000000      0x36c C:/WinAVR/bin/../lib/gcc/avr/3.4.6/../../../../avr/lib/avr4/crtm8.o

.stabstr        0x00000000       0x84
 *(.stabstr)
 .stabstr       0x00000000       0x84 C:/WinAVR/bin/../lib/gcc/avr/3.4.6/../../../../avr/lib/avr4/crtm8.o

.stab.excl
 *(.stab.excl)

.stab.exclstr
 *(.stab.exclstr)

.stab.index
 *(.stab.index)

.stab.indexstr
 *(.stab.indexstr)

.comment
 *(.comment)

.debug
 *(.debug)

.line
 *(.line)

.debug_srcinfo
 *(.debug_srcinfo)

.debug_sfnames
 *(.debug_sfnames)

.debug_aranges  0x00000000       0xb4
 *(.debug_aranges)
 .debug_aranges
                0x00000000       0x14 main.o
 .debug_aranges
                0x00000014       0x14 led.o
 .debug_aranges
                0x00000028       0x14 pwm.o
 .debug_aranges
                0x0000003c       0x14 74hc595.o
 .debug_aranges
                0x00000050       0x14 avrio.o
 .debug_aranges
                0x00000064       0x14 4wire-1602.o
 .debug_aranges
                0x00000078       0x14 adc.o
 .debug_aranges
                0x0000008c       0x14 timer0.o
 .debug_aranges
                0x000000a0       0x14 charger.o

.debug_pubnames
                0x00000000      0x2e3
 *(.debug_pubnames)
 .debug_pubnames
                0x00000000       0x5b main.o
 .debug_pubnames
                0x0000005b       0x27 led.o
 .debug_pubnames
                0x00000082       0x3f pwm.o
 .debug_pubnames
                0x000000c1       0x42 74hc595.o
 .debug_pubnames
                0x00000103       0x33 avrio.o
 .debug_pubnames
                0x00000136       0x7b 4wire-1602.o
 .debug_pubnames
                0x000001b1       0x28 adc.o
 .debug_pubnames
                0x000001d9       0x2e timer0.o
 .debug_pubnames
                0x00000207       0xdc charger.o

.debug_info     0x00000000     0x152b
 *(.debug_info)
 .debug_info    0x00000000      0x3ba main.o
 .debug_info    0x000003ba       0x96 led.o
 .debug_info    0x00000450       0xb0 pwm.o
 .debug_info    0x00000500      0x172 74hc595.o
 .debug_info    0x00000672      0x21f avrio.o
 .debug_info    0x00000891      0x356 4wire-1602.o
 .debug_info    0x00000be7       0xd1 adc.o
 .debug_info    0x00000cb8       0x84 timer0.o
 .debug_info    0x00000d3c      0x7ef charger.o
 *(.gnu.linkonce.wi.*)

.debug_abbrev   0x00000000      0x8df
 *(.debug_abbrev)
 .debug_abbrev  0x00000000      0x17f main.o
 .debug_abbrev  0x0000017f       0x5f led.o
 .debug_abbrev  0x000001de       0x78 pwm.o
 .debug_abbrev  0x00000256      0x101 74hc595.o
 .debug_abbrev  0x00000357       0xf7 avrio.o
 .debug_abbrev  0x0000044e      0x154 4wire-1602.o
 .debug_abbrev  0x000005a2       0x90 adc.o
 .debug_abbrev  0x00000632       0x55 timer0.o
 .debug_abbrev  0x00000687      0x258 charger.o

.debug_line     0x00000000      0xe29
 *(.debug_line)
 .debug_line    0x00000000      0x1c0 main.o
 .debug_line    0x000001c0       0x8c led.o
 .debug_line    0x0000024c       0xbc pwm.o
 .debug_line    0x00000308      0x129 74hc595.o
 .debug_line    0x00000431       0xcf avrio.o
 .debug_line    0x00000500      0x27b 4wire-1602.o
 .debug_line    0x0000077b       0xe6 adc.o
 .debug_line    0x00000861       0x95 timer0.o
 .debug_line    0x000008f6      0x533 charger.o

.debug_frame
 *(.debug_frame)

.debug_str      0x00000000      0x43c
 *(.debug_str)
 .debug_str     0x00000000      0x226 main.o
                                0x285 (size before relaxing)
 .debug_str     0x00000226        0x9 led.o
                                 0xc9 (size before relaxing)
 .debug_str     0x0000022f       0x2a pwm.o
                                 0xe1 (size before relaxing)
 .debug_str     0x00000259       0x64 74hc595.o
                                0x138 (size before relaxing)
 .debug_str     0x000002bd       0x2e avrio.o
                                0x12d (size before relaxing)
 .debug_str     0x000002eb       0x70 4wire-1602.o
                                0x1d0 (size before relaxing)
 .debug_str     0x0000035b       0x19 adc.o
                                 0xd9 (size before relaxing)
 .debug_str     0x00000374       0x20 timer0.o
                                 0xd2 (size before relaxing)
 .debug_str     0x00000394       0xa8 charger.o
                                0x306 (size before relaxing)

.debug_loc
 *(.debug_loc)

.debug_macinfo
 *(.debug_macinfo)
OUTPUT(i-charger-m8.elf elf32-avr)
