Archive member included because of file (symbol)

C:/WinAVR/lib/gcc/avr/3.4.6/avr4\libgcc.a(_copy_data.o)
                              main.o (__do_copy_data)
C:/WinAVR/lib/gcc/avr/3.4.6/avr4\libgcc.a(_clear_bss.o)
                              main.o (__do_clear_bss)
C:/WinAVR/lib/gcc/avr/3.4.6/avr4\libgcc.a(_addsub_sf.o)
                              main.o (__addsf3)
C:/WinAVR/lib/gcc/avr/3.4.6/avr4\libgcc.a(_thenan_sf.o)
                              C:/WinAVR/lib/gcc/avr/3.4.6/avr4\libgcc.a(_addsub_sf.o) (__thenan_sf)
C:/WinAVR/lib/gcc/avr/3.4.6/avr4\libgcc.a(_prologue.o)
                              C:/WinAVR/lib/gcc/avr/3.4.6/avr4\libgcc.a(_addsub_sf.o) (__prologue_saves__)
C:/WinAVR/lib/gcc/avr/3.4.6/avr4\libgcc.a(_epilogue.o)
                              C:/WinAVR/lib/gcc/avr/3.4.6/avr4\libgcc.a(_addsub_sf.o) (__epilogue_restores__)
C:/WinAVR/lib/gcc/avr/3.4.6/avr4\libgcc.a(_pack_sf.o)
                              C:/WinAVR/lib/gcc/avr/3.4.6/avr4\libgcc.a(_addsub_sf.o) (__pack_f)
C:/WinAVR/lib/gcc/avr/3.4.6/avr4\libgcc.a(_unpack_sf.o)
                              C:/WinAVR/lib/gcc/avr/3.4.6/avr4\libgcc.a(_addsub_sf.o) (__unpack_f)
C:/WinAVR/bin/../lib/gcc/avr/3.4.6/../../../../avr/lib/avr4\libc.a(sprintf.o)
                              main.o (sprintf)
C:/WinAVR/bin/../lib/gcc/avr/3.4.6/../../../../avr/lib/avr4\libc.a(vfprintf_std.o)
                              C:/WinAVR/bin/../lib/gcc/avr/3.4.6/../../../../avr/lib/avr4\libc.a(sprintf.o) (vfprintf)
C:/WinAVR/bin/../lib/gcc/avr/3.4.6/../../../../avr/lib/avr4\libc.a(strlen_P.o)
                              C:/WinAVR/bin/../lib/gcc/avr/3.4.6/../../../../avr/lib/avr4\libc.a(vfprintf_std.o) (strlen_P)
C:/WinAVR/bin/../lib/gcc/avr/3.4.6/../../../../avr/lib/avr4\libc.a(strnlen_P.o)
                              C:/WinAVR/bin/../lib/gcc/avr/3.4.6/../../../../avr/lib/avr4\libc.a(vfprintf_std.o) (strnlen_P)
C:/WinAVR/bin/../lib/gcc/avr/3.4.6/../../../../avr/lib/avr4\libc.a(strnlen.o)
                              C:/WinAVR/bin/../lib/gcc/avr/3.4.6/../../../../avr/lib/avr4\libc.a(vfprintf_std.o) (strnlen)
C:/WinAVR/bin/../lib/gcc/avr/3.4.6/../../../../avr/lib/avr4\libc.a(fputc.o)
                              C:/WinAVR/bin/../lib/gcc/avr/3.4.6/../../../../avr/lib/avr4\libc.a(vfprintf_std.o) (fputc)
C:/WinAVR/lib/gcc/avr/3.4.6/avr4\libgcc.a(_udivmodsi4.o)
                              C:/WinAVR/bin/../lib/gcc/avr/3.4.6/../../../../avr/lib/avr4\libc.a(vfprintf_std.o) (__udivmodsi4)

Allocating common symbols
Common symbol       size              file

str                 0xa               main.o

Memory Configuration

Name             Origin             Length             Attributes
text             0x00000000         0x00002000         xr
data             0x00800060         0x0000ffa0         rw !x
eeprom           0x00810000         0x00010000         rw !x
*default*        0x00000000         0xffffffff

Linker script and memory map

LOAD C:/WinAVR/bin/../lib/gcc/avr/3.4.6/../../../../avr/lib/avr4/crtm8.o
LOAD main.o
LOAD led.o
LOAD pwm.o
LOAD 74hc595.o
LOAD avrio.o
LOAD 4wire-1602.o
LOAD adc.o
LOAD C:/WinAVR/lib/gcc/avr/3.4.6/avr4\libgcc.a
LOAD C:/WinAVR/bin/../lib/gcc/avr/3.4.6/../../../../avr/lib/avr4\libc.a
LOAD C:/WinAVR/lib/gcc/avr/3.4.6/avr4\libgcc.a

.hash
 *(.hash)

.dynsym
 *(.dynsym)

.dynstr
 *(.dynstr)

.gnu.version
 *(.gnu.version)

.gnu.version_d
 *(.gnu.version_d)

.gnu.version_r
 *(.gnu.version_r)

.rel.init
 *(.rel.init)

.rela.init
 *(.rela.init)

.rel.text
 *(.rel.text)
 *(.rel.text.*)
 *(.rel.gnu.linkonce.t*)

.rela.text
 *(.rela.text)
 *(.rela.text.*)
 *(.rela.gnu.linkonce.t*)

.rel.fini
 *(.rel.fini)

.rela.fini
 *(.rela.fini)

.rel.rodata
 *(.rel.rodata)
 *(.rel.rodata.*)
 *(.rel.gnu.linkonce.r*)

.rela.rodata
 *(.rela.rodata)
 *(.rela.rodata.*)
 *(.rela.gnu.linkonce.r*)

.rel.data
 *(.rel.data)
 *(.rel.data.*)
 *(.rel.gnu.linkonce.d*)

.rela.data
 *(.rela.data)
 *(.rela.data.*)
 *(.rela.gnu.linkonce.d*)

.rel.ctors
 *(.rel.ctors)

.rela.ctors
 *(.rela.ctors)

.rel.dtors
 *(.rel.dtors)

.rela.dtors
 *(.rela.dtors)

.rel.got
 *(.rel.got)

.rela.got
 *(.rela.got)

.rel.bss
 *(.rel.bss)

.rela.bss
 *(.rela.bss)

.rel.plt
 *(.rel.plt)

.rela.plt
 *(.rela.plt)

.text           0x00000000     0x1266
 *(.vectors)
 .vectors       0x00000000       0x26 C:/WinAVR/bin/../lib/gcc/avr/3.4.6/../../../../avr/lib/avr4/crtm8.o
                0x00000000                __vectors
                0x00000000                __vector_default
                0x00000026                __ctors_start = .
 *(.ctors)
                0x00000026                __ctors_end = .
                0x00000026                __dtors_start = .
 *(.dtors)
                0x00000026                __dtors_end = .
 *(.progmem.gcc*)
 *(.progmem*)
                0x00000026                . = ALIGN (0x2)
 *(.init0)
 *(.init1)
 *(.init2)
 .init2         0x00000026        0xc C:/WinAVR/bin/../lib/gcc/avr/3.4.6/../../../../avr/lib/avr4/crtm8.o
 *(.init3)
 *(.init4)
 .init4         0x00000032       0x16 C:/WinAVR/lib/gcc/avr/3.4.6/avr4\libgcc.a(_copy_data.o)
                0x00000032                __do_copy_data
 .init4         0x00000048       0x10 C:/WinAVR/lib/gcc/avr/3.4.6/avr4\libgcc.a(_clear_bss.o)
                0x00000048                __do_clear_bss
 *(.init5)
 *(.init6)
 *(.init7)
 *(.init8)
 *(.init9)
 .init9         0x00000058        0x2 C:/WinAVR/bin/../lib/gcc/avr/3.4.6/../../../../avr/lib/avr4/crtm8.o
 *(.text)
 .text          0x0000005a        0x2 C:/WinAVR/bin/../lib/gcc/avr/3.4.6/../../../../avr/lib/avr4/crtm8.o
                0x0000005a                __vector_1
                0x0000005a                __vector_12
                0x0000005a                __bad_interrupt
                0x0000005a                __vector_6
                0x0000005a                __vector_3
                0x0000005a                __vector_11
                0x0000005a                __vector_13
                0x0000005a                __vector_17
                0x0000005a                __vector_7
                0x0000005a                __vector_5
                0x0000005a                __vector_4
                0x0000005a                __vector_9
                0x0000005a                __vector_2
                0x0000005a                __vector_15
                0x0000005a                __vector_8
                0x0000005a                __vector_14
                0x0000005a                __vector_10
                0x0000005a                __vector_16
                0x0000005a                __vector_18
 .text          0x0000005c      0x1cc main.o
                0x0000016e                main
                0x0000005c                keydown
                0x00000078                keyup
                0x00000094                updata_lcd
 .text          0x00000228       0x94 led.o
                0x00000254                sharp_flash
                0x00000228                led_init
 .text          0x000002bc       0x46 pwm.o
                0x000002d8                pwm_init
                0x000002fa                pwm_setduty
                0x000002bc                pwm_demo
 .text          0x00000302       0x86 74hc595.o
                0x00000310                shiftout
                0x00000302                init_74hc595
                0x0000035c                write_74hc595
 .text          0x00000388       0xa6 avrio.o
                0x00000404                _delay_s
                0x00000388                __set_port_mode
 .text          0x0000042e      0x1c2 4wire-1602.o
                0x000005a0                lcd_putc
                0x0000054a                lcd_clear
                0x000005a6                lcd_scroll
                0x0000056a                lcd_cursor
                0x00000582                lcd_puts
                0x000004f0                lcd1602_init
 .text          0x000005f0       0x36 adc.o
                0x00000604                _adc
                0x000005f0                adc_init
 .text          0x00000626      0x2f8 C:/WinAVR/lib/gcc/avr/3.4.6/avr4\libgcc.a(_addsub_sf.o)
                0x000008c0                __subsf3
                0x0000086a                __addsf3
 .text          0x0000091e      0x1cc C:/WinAVR/lib/gcc/avr/3.4.6/avr4\libgcc.a(_pack_sf.o)
                0x0000091e                __pack_f
 .text          0x00000aea       0xf4 C:/WinAVR/lib/gcc/avr/3.4.6/avr4\libgcc.a(_unpack_sf.o)
                0x00000aea                __unpack_f
 .text          0x00000bde       0x40 C:/WinAVR/bin/../lib/gcc/avr/3.4.6/../../../../avr/lib/avr4\libc.a(sprintf.o)
                0x00000bde                sprintf
 .text          0x00000c1e      0x4fe C:/WinAVR/bin/../lib/gcc/avr/3.4.6/../../../../avr/lib/avr4\libc.a(vfprintf_std.o)
                0x00000c1e                vfprintf
 .text          0x0000111c       0x12 C:/WinAVR/bin/../lib/gcc/avr/3.4.6/../../../../avr/lib/avr4\libc.a(strlen_P.o)
                0x0000111c                strlen_P
 .text          0x0000112e       0x16 C:/WinAVR/bin/../lib/gcc/avr/3.4.6/../../../../avr/lib/avr4\libc.a(strnlen_P.o)
                0x0000112e                strnlen_P
 .text          0x00001144       0x16 C:/WinAVR/bin/../lib/gcc/avr/3.4.6/../../../../avr/lib/avr4\libc.a(strnlen.o)
                0x00001144                strnlen
 .text          0x0000115a       0x5a C:/WinAVR/bin/../lib/gcc/avr/3.4.6/../../../../avr/lib/avr4\libc.a(fputc.o)
                0x0000115a                fputc
                0x000011b4                . = ALIGN (0x2)
 *(.text.*)
 .text.libgcc   0x000011b4       0x38 C:/WinAVR/lib/gcc/avr/3.4.6/avr4\libgcc.a(_prologue.o)
                0x000011b4                __prologue_saves__
 .text.libgcc   0x000011ec       0x36 C:/WinAVR/lib/gcc/avr/3.4.6/avr4\libgcc.a(_epilogue.o)
                0x000011ec                __epilogue_restores__
 .text.libgcc   0x00001222       0x44 C:/WinAVR/lib/gcc/avr/3.4.6/avr4\libgcc.a(_udivmodsi4.o)
                0x00001222                __udivmodsi4
                0x00001266                . = ALIGN (0x2)
 *(.fini9)
 *(.fini8)
 *(.fini7)
 *(.fini6)
 *(.fini5)
 *(.fini4)
 *(.fini3)
 *(.fini2)
 *(.fini1)
 *(.fini0)
                0x00001266                _etext = .

.data           0x00800060       0x4e load address 0x00001266
                0x00800060                PROVIDE (__data_start, .)
 *(.data)
 .data          0x00800060       0x44 main.o
                0x00800060                duty
 .data          0x008000a4        0x1 led.o
                0x008000a4                mod
 .data          0x008000a5        0x8 C:/WinAVR/lib/gcc/avr/3.4.6/avr4\libgcc.a(_thenan_sf.o)
                0x008000a5                __thenan_sf
 *(.gnu.linkonce.d*)
                0x008000ae                . = ALIGN (0x2)
 *fill*         0x008000ad        0x1 00
                0x008000ae                _edata = .
                0x008000ae                PROVIDE (__data_end, .)

.bss            0x008000ae        0xc
                0x008000ae                PROVIDE (__bss_start, .)
 *(.bss)
 .bss           0x008000ae        0x1 main.o
                0x008000ae                i
 .bss           0x008000af        0x1 4wire-1602.o
 *(COMMON)
 COMMON         0x008000b0        0xa main.o
                0x008000b0                str
                0x008000ba                PROVIDE (__bss_end, .)
                0x00001266                __data_load_start = LOADADDR (.data)
                0x000012b4                __data_load_end = (__data_load_start + SIZEOF (.data))

.noinit         0x008000ba        0x0
                0x008000ba                PROVIDE (__noinit_start, .)
 *(.noinit*)
                0x008000ba                PROVIDE (__noinit_end, .)
                0x008000ba                _end = .
                0x008000ba                PROVIDE (__heap_start, .)

.eeprom         0x00810000        0x0
 *(.eeprom*)
                0x00810000                __eeprom_end = .

.stab           0x00000000      0x36c
 *(.stab)
 .stab          0x00000000      0x36c C:/WinAVR/bin/../lib/gcc/avr/3.4.6/../../../../avr/lib/avr4/crtm8.o

.stabstr        0x00000000       0x84
 *(.stabstr)
 .stabstr       0x00000000       0x84 C:/WinAVR/bin/../lib/gcc/avr/3.4.6/../../../../avr/lib/avr4/crtm8.o

.stab.excl
 *(.stab.excl)

.stab.exclstr
 *(.stab.exclstr)

.stab.index
 *(.stab.index)

.stab.indexstr
 *(.stab.indexstr)

.comment
 *(.comment)

.debug
 *(.debug)

.line
 *(.line)

.debug_srcinfo
 *(.debug_srcinfo)

.debug_sfnames
 *(.debug_sfnames)

.debug_aranges  0x00000000       0x8c
 *(.debug_aranges)
 .debug_aranges
                0x00000000       0x14 main.o
 .debug_aranges
                0x00000014       0x14 led.o
 .debug_aranges
                0x00000028       0x14 pwm.o
 .debug_aranges
                0x0000003c       0x14 74hc595.o
 .debug_aranges
                0x00000050       0x14 avrio.o
 .debug_aranges
                0x00000064       0x14 4wire-1602.o
 .debug_aranges
                0x00000078       0x14 adc.o

.debug_pubnames
                0x00000000      0x1d0
 *(.debug_pubnames)
 .debug_pubnames
                0x00000000       0x57 main.o
 .debug_pubnames
                0x00000057       0x37 led.o
 .debug_pubnames
                0x0000008e       0x3c pwm.o
 .debug_pubnames
                0x000000ca       0x42 74hc595.o
 .debug_pubnames
                0x0000010c       0x33 avrio.o
 .debug_pubnames
                0x0000013f       0x69 4wire-1602.o
 .debug_pubnames
                0x000001a8       0x28 adc.o

.debug_info     0x00000000     0x1356
 *(.debug_info)
 .debug_info    0x00000000      0x3fd main.o
 .debug_info    0x000003fd      0x1f8 led.o
 .debug_info    0x000005f5      0x1c3 pwm.o
 .debug_info    0x000007b8      0x2c2 74hc595.o
 .debug_info    0x00000a7a      0x21f avrio.o
 .debug_info    0x00000c99      0x5ec 4wire-1602.o
 .debug_info    0x00001285       0xd1 adc.o
 *(.gnu.linkonce.wi.*)

.debug_abbrev   0x00000000      0x745
 *(.debug_abbrev)
 .debug_abbrev  0x00000000      0x1bd main.o
 .debug_abbrev  0x000001bd       0xd8 led.o
 .debug_abbrev  0x00000295       0xe6 pwm.o
 .debug_abbrev  0x0000037b      0x102 74hc595.o
 .debug_abbrev  0x0000047d       0xf7 avrio.o
 .debug_abbrev  0x00000574      0x141 4wire-1602.o
 .debug_abbrev  0x000006b5       0x90 adc.o

.debug_line     0x00000000      0x9d3
 *(.debug_line)
 .debug_line    0x00000000      0x259 main.o
 .debug_line    0x00000259      0x10e led.o
 .debug_line    0x00000367      0x10d pwm.o
 .debug_line    0x00000474      0x131 74hc595.o
 .debug_line    0x000005a5       0xc4 avrio.o
 .debug_line    0x00000669      0x284 4wire-1602.o
 .debug_line    0x000008ed       0xe6 adc.o

.debug_frame
 *(.debug_frame)

.debug_str      0x00000000      0x278
 *(.debug_str)
 .debug_str     0x00000000      0x168 main.o
                                0x1ac (size before relaxing)
 .debug_str     0x00000168       0x15 led.o
                                0x114 (size before relaxing)
 .debug_str     0x0000017d       0x44 pwm.o
                                0x142 (size before relaxing)
 .debug_str     0x000001c1       0x31 74hc595.o
                                0x12b (size before relaxing)
 .debug_str     0x000001f2       0x2e avrio.o
                                0x129 (size before relaxing)
 .debug_str     0x00000220       0x44 4wire-1602.o
                                0x1bb (size before relaxing)
 .debug_str     0x00000264       0x14 adc.o
                                 0xd5 (size before relaxing)

.debug_loc
 *(.debug_loc)

.debug_macinfo
 *(.debug_macinfo)
OUTPUT(i-charger-m8.elf elf32-avr)
