Archive member included because of file (symbol)

c:/winavr-20100110/bin/../lib/gcc/avr/4.3.3/avr4\libgcc.a(_udivmodhi4.o)
                              uprint.o (__udivmodhi4)
c:/winavr-20100110/bin/../lib/gcc/avr/4.3.3/avr4\libgcc.a(_udivmodsi4.o)
                              uprint.o (__udivmodsi4)
c:/winavr-20100110/bin/../lib/gcc/avr/4.3.3/avr4\libgcc.a(_exit.o)
                              c:/winavr-20100110/bin/../lib/gcc/avr/4.3.3/../../../../avr/lib/avr4/crtm8.o (exit)
c:/winavr-20100110/bin/../lib/gcc/avr/4.3.3/avr4\libgcc.a(_copy_data.o)
                              i2c-slave.o (__do_copy_data)
c:/winavr-20100110/bin/../lib/gcc/avr/4.3.3/avr4\libgcc.a(_clear_bss.o)
                              4wire-1602.o (__do_clear_bss)

Memory Configuration

Name             Origin             Length             Attributes
text             0x00000000         0x00002000         xr
data             0x00800060         0x0000ffa0         rw !x
eeprom           0x00810000         0x00010000         rw !x
fuse             0x00820000         0x00000400         rw !x
lock             0x00830000         0x00000400         rw !x
signature        0x00840000         0x00000400         rw !x
*default*        0x00000000         0xffffffff

Linker script and memory map

LOAD c:/winavr-20100110/bin/../lib/gcc/avr/4.3.3/../../../../avr/lib/avr4/crtm8.o
LOAD main.o
LOAD avr-io.o
LOAD adc.o
LOAD 74hc595.o
LOAD 4wire-1602.o
LOAD timer.o
LOAD uprint.o
LOAD timer0.o
LOAD i2c-slave.o
LOAD c:/winavr-20100110/bin/../lib/gcc/avr/4.3.3/avr4\libgcc.a
LOAD c:/winavr-20100110/bin/../lib/gcc/avr/4.3.3/../../../../avr/lib/avr4\libc.a
LOAD c:/winavr-20100110/bin/../lib/gcc/avr/4.3.3/avr4\libgcc.a

.hash
 *(.hash)

.dynsym
 *(.dynsym)

.dynstr
 *(.dynstr)

.gnu.version
 *(.gnu.version)

.gnu.version_d
 *(.gnu.version_d)

.gnu.version_r
 *(.gnu.version_r)

.rel.init
 *(.rel.init)

.rela.init
 *(.rela.init)

.rel.text
 *(.rel.text)
 *(.rel.text.*)
 *(.rel.gnu.linkonce.t*)

.rela.text
 *(.rela.text)
 *(.rela.text.*)
 *(.rela.gnu.linkonce.t*)

.rel.fini
 *(.rel.fini)

.rela.fini
 *(.rela.fini)

.rel.rodata
 *(.rel.rodata)
 *(.rel.rodata.*)
 *(.rel.gnu.linkonce.r*)

.rela.rodata
 *(.rela.rodata)
 *(.rela.rodata.*)
 *(.rela.gnu.linkonce.r*)

.rel.data
 *(.rel.data)
 *(.rel.data.*)
 *(.rel.gnu.linkonce.d*)

.rela.data
 *(.rela.data)
 *(.rela.data.*)
 *(.rela.gnu.linkonce.d*)

.rel.ctors
 *(.rel.ctors)

.rela.ctors
 *(.rela.ctors)

.rel.dtors
 *(.rel.dtors)

.rela.dtors
 *(.rela.dtors)

.rel.got
 *(.rel.got)

.rela.got
 *(.rela.got)

.rel.bss
 *(.rel.bss)

.rela.bss
 *(.rela.bss)

.rel.plt
 *(.rel.plt)

.rela.plt
 *(.rela.plt)

.text           0x00000000      0xa1e
 *(.vectors)
 .vectors       0x00000000       0x26 c:/winavr-20100110/bin/../lib/gcc/avr/4.3.3/../../../../avr/lib/avr4/crtm8.o
                0x00000000                __vectors
                0x00000000                __vector_default
 *(.vectors)
 *(.progmem.gcc*)
 *(.progmem*)
                0x00000026                . = ALIGN (0x2)
                0x00000026                __trampolines_start = .
 *(.trampolines)
 .trampolines   0x00000026        0x0 linker stubs
 *(.trampolines*)
                0x00000026                __trampolines_end = .
 *(.jumptables)
 *(.jumptables*)
 *(.lowtext)
 *(.lowtext*)
                0x00000026                __ctors_start = .
 *(.ctors)
                0x00000026                __ctors_end = .
                0x00000026                __dtors_start = .
 *(.dtors)
                0x00000026                __dtors_end = .
 SORT(*)(.ctors)
 SORT(*)(.dtors)
 *(.init0)
 .init0         0x00000026        0x0 c:/winavr-20100110/bin/../lib/gcc/avr/4.3.3/../../../../avr/lib/avr4/crtm8.o
                0x00000026                __init
 *(.init0)
 *(.init1)
 *(.init1)
 *(.init2)
 .init2         0x00000026        0xc c:/winavr-20100110/bin/../lib/gcc/avr/4.3.3/../../../../avr/lib/avr4/crtm8.o
 *(.init2)
 *(.init3)
 *(.init3)
 *(.init4)
 .init4         0x00000032       0x16 c:/winavr-20100110/bin/../lib/gcc/avr/4.3.3/avr4\libgcc.a(_copy_data.o)
                0x00000032                __do_copy_data
 .init4         0x00000048       0x10 c:/winavr-20100110/bin/../lib/gcc/avr/4.3.3/avr4\libgcc.a(_clear_bss.o)
                0x00000048                __do_clear_bss
 *(.init4)
 *(.init5)
 *(.init5)
 *(.init6)
 *(.init6)
 *(.init7)
 *(.init7)
 *(.init8)
 *(.init8)
 *(.init9)
 .init9         0x00000058        0x4 c:/winavr-20100110/bin/../lib/gcc/avr/4.3.3/../../../../avr/lib/avr4/crtm8.o
 *(.init9)
 *(.text)
 .text          0x0000005c        0x2 c:/winavr-20100110/bin/../lib/gcc/avr/4.3.3/../../../../avr/lib/avr4/crtm8.o
                0x0000005c                __vector_1
                0x0000005c                __vector_12
                0x0000005c                __bad_interrupt
                0x0000005c                __vector_6
                0x0000005c                __vector_3
                0x0000005c                __vector_11
                0x0000005c                __vector_13
                0x0000005c                __vector_17
                0x0000005c                __vector_7
                0x0000005c                __vector_5
                0x0000005c                __vector_4
                0x0000005c                __vector_2
                0x0000005c                __vector_15
                0x0000005c                __vector_8
                0x0000005c                __vector_14
                0x0000005c                __vector_10
                0x0000005c                __vector_16
                0x0000005c                __vector_18
 .text          0x0000005e       0xbc main.o
                0x00000094                wait_key
                0x000000e8                main
                0x0000005e                key
 .text          0x0000011a      0x116 avr-io.o
                0x00000186                __port_pullup
                0x0000011a                __port_mode
                0x000001ec                _swap8
 .text          0x00000230       0x38 adc.o
                0x00000244                _adc
                0x00000230                adc_init
 .text          0x00000268       0x7c 74hc595.o
                0x00000268                shiftout
                0x000002d6                init_74hc595
                0x000002ac                write_74hc595
 .text          0x000002e4      0x1d4 4wire-1602.o
                0x000003b2                lcd_putc
                0x000003b8                lcd_clear
                0x000002e4                io_delay
                0x000002ec                io_50ms
                0x000003fe                lcd_cursor
                0x000003e4                lcd_puts
                0x00000412                lcd1602_init
 .text          0x000004b8       0x4e timer.o
                0x000004b8                delay
 .text          0x00000506      0x302 uprint.o
                0x0000077e                print10
                0x00000512                printLL
                0x00000506                hex2c
 .text          0x00000808       0x72 timer0.o
                0x00000872                disable_timer0
                0x0000086a                enable_timer0
                0x00000856                timer0_init
                0x00000808                __vector_9
 .text          0x0000087a      0x134 i2c-slave.o
                0x0000087a                i2c_shutdown
                0x00000986                i2c_demo
                0x000008e8                i2c_receive_address
                0x0000096c                i2c_init
                0x000008c8                i2c_wakeup
 .text          0x000009ae        0x0 c:/winavr-20100110/bin/../lib/gcc/avr/4.3.3/avr4\libgcc.a(_udivmodhi4.o)
 .text          0x000009ae        0x0 c:/winavr-20100110/bin/../lib/gcc/avr/4.3.3/avr4\libgcc.a(_udivmodsi4.o)
 .text          0x000009ae        0x0 c:/winavr-20100110/bin/../lib/gcc/avr/4.3.3/avr4\libgcc.a(_exit.o)
 .text          0x000009ae        0x0 c:/winavr-20100110/bin/../lib/gcc/avr/4.3.3/avr4\libgcc.a(_copy_data.o)
 .text          0x000009ae        0x0 c:/winavr-20100110/bin/../lib/gcc/avr/4.3.3/avr4\libgcc.a(_clear_bss.o)
                0x000009ae                . = ALIGN (0x2)
 *(.text.*)
 .text.libgcc   0x000009ae       0x28 c:/winavr-20100110/bin/../lib/gcc/avr/4.3.3/avr4\libgcc.a(_udivmodhi4.o)
                0x000009ae                __udivmodhi4
 .text.libgcc   0x000009d6       0x44 c:/winavr-20100110/bin/../lib/gcc/avr/4.3.3/avr4\libgcc.a(_udivmodsi4.o)
                0x000009d6                __udivmodsi4
 .text.libgcc   0x00000a1a        0x0 c:/winavr-20100110/bin/../lib/gcc/avr/4.3.3/avr4\libgcc.a(_exit.o)
 .text.libgcc   0x00000a1a        0x0 c:/winavr-20100110/bin/../lib/gcc/avr/4.3.3/avr4\libgcc.a(_copy_data.o)
 .text.libgcc   0x00000a1a        0x0 c:/winavr-20100110/bin/../lib/gcc/avr/4.3.3/avr4\libgcc.a(_clear_bss.o)
                0x00000a1a                . = ALIGN (0x2)
 *(.fini9)
 .fini9         0x00000a1a        0x0 c:/winavr-20100110/bin/../lib/gcc/avr/4.3.3/avr4\libgcc.a(_exit.o)
                0x00000a1a                exit
                0x00000a1a                _exit
 *(.fini9)
 *(.fini8)
 *(.fini8)
 *(.fini7)
 *(.fini7)
 *(.fini6)
 *(.fini6)
 *(.fini5)
 *(.fini5)
 *(.fini4)
 *(.fini4)
 *(.fini3)
 *(.fini3)
 *(.fini2)
 *(.fini2)
 *(.fini1)
 *(.fini1)
 *(.fini0)
 .fini0         0x00000a1a        0x4 c:/winavr-20100110/bin/../lib/gcc/avr/4.3.3/avr4\libgcc.a(_exit.o)
 *(.fini0)
                0x00000a1e                _etext = .

.data           0x00800060       0x20 load address 0x00000a1e
                0x00800060                PROVIDE (__data_start, .)
 *(.data)
 .data          0x00800060        0x0 c:/winavr-20100110/bin/../lib/gcc/avr/4.3.3/../../../../avr/lib/avr4/crtm8.o
 .data          0x00800060        0x0 main.o
 .data          0x00800060        0x0 avr-io.o
 .data          0x00800060        0x0 adc.o
 .data          0x00800060        0x0 74hc595.o
 .data          0x00800060        0x0 4wire-1602.o
 .data          0x00800060        0x0 timer.o
 .data          0x00800060        0x0 uprint.o
 .data          0x00800060        0x0 timer0.o
 .data          0x00800060       0x20 i2c-slave.o
                0x0080007f                i2caddr
 .data          0x00800080        0x0 c:/winavr-20100110/bin/../lib/gcc/avr/4.3.3/avr4\libgcc.a(_udivmodhi4.o)
 .data          0x00800080        0x0 c:/winavr-20100110/bin/../lib/gcc/avr/4.3.3/avr4\libgcc.a(_udivmodsi4.o)
 .data          0x00800080        0x0 c:/winavr-20100110/bin/../lib/gcc/avr/4.3.3/avr4\libgcc.a(_exit.o)
 .data          0x00800080        0x0 c:/winavr-20100110/bin/../lib/gcc/avr/4.3.3/avr4\libgcc.a(_copy_data.o)
 .data          0x00800080        0x0 c:/winavr-20100110/bin/../lib/gcc/avr/4.3.3/avr4\libgcc.a(_clear_bss.o)
 *(.data*)
 *(.rodata)
 *(.rodata*)
 *(.gnu.linkonce.d*)
                0x00800080                . = ALIGN (0x2)
                0x00800080                _edata = .
                0x00800080                PROVIDE (__data_end, .)

.bss            0x00800080        0x7
                0x00800080                PROVIDE (__bss_start, .)
 *(.bss)
 .bss           0x00800080        0x0 c:/winavr-20100110/bin/../lib/gcc/avr/4.3.3/../../../../avr/lib/avr4/crtm8.o
 .bss           0x00800080        0x0 main.o
 .bss           0x00800080        0x0 avr-io.o
 .bss           0x00800080        0x0 adc.o
 .bss           0x00800080        0x0 74hc595.o
 .bss           0x00800080        0x1 4wire-1602.o
 .bss           0x00800081        0x4 timer.o
                0x00800081                jiffers
 .bss           0x00800085        0x0 uprint.o
 .bss           0x00800085        0x0 timer0.o
 .bss           0x00800085        0x2 i2c-slave.o
                0x00800085                i2cstat
                0x00800086                clk
 .bss           0x00800087        0x0 c:/winavr-20100110/bin/../lib/gcc/avr/4.3.3/avr4\libgcc.a(_udivmodhi4.o)
 .bss           0x00800087        0x0 c:/winavr-20100110/bin/../lib/gcc/avr/4.3.3/avr4\libgcc.a(_udivmodsi4.o)
 .bss           0x00800087        0x0 c:/winavr-20100110/bin/../lib/gcc/avr/4.3.3/avr4\libgcc.a(_exit.o)
 .bss           0x00800087        0x0 c:/winavr-20100110/bin/../lib/gcc/avr/4.3.3/avr4\libgcc.a(_copy_data.o)
 .bss           0x00800087        0x0 c:/winavr-20100110/bin/../lib/gcc/avr/4.3.3/avr4\libgcc.a(_clear_bss.o)
 *(.bss*)
 *(COMMON)
                0x00800087                PROVIDE (__bss_end, .)
                0x00000a1e                __data_load_start = LOADADDR (.data)
                0x00000a3e                __data_load_end = (__data_load_start + SIZEOF (.data))

.noinit         0x00800087        0x0
                0x00800087                PROVIDE (__noinit_start, .)
 *(.noinit*)
                0x00800087                PROVIDE (__noinit_end, .)
                0x00800087                _end = .
                0x00800087                PROVIDE (__heap_start, .)

.eeprom         0x00810000        0x0
 *(.eeprom*)
                0x00810000                __eeprom_end = .

.fuse
 *(.fuse)
 *(.lfuse)
 *(.hfuse)
 *(.efuse)

.lock
 *(.lock*)

.signature
 *(.signature*)

.stab
 *(.stab)

.stabstr
 *(.stabstr)

.stab.excl
 *(.stab.excl)

.stab.exclstr
 *(.stab.exclstr)

.stab.index
 *(.stab.index)

.stab.indexstr
 *(.stab.indexstr)

.comment
 *(.comment)

.debug
 *(.debug)

.line
 *(.line)

.debug_srcinfo
 *(.debug_srcinfo)

.debug_sfnames
 *(.debug_sfnames)

.debug_aranges  0x00000000      0x120
 *(.debug_aranges)
 .debug_aranges
                0x00000000       0x20 main.o
 .debug_aranges
                0x00000020       0x20 avr-io.o
 .debug_aranges
                0x00000040       0x20 adc.o
 .debug_aranges
                0x00000060       0x20 74hc595.o
 .debug_aranges
                0x00000080       0x20 4wire-1602.o
 .debug_aranges
                0x000000a0       0x20 timer.o
 .debug_aranges
                0x000000c0       0x20 uprint.o
 .debug_aranges
                0x000000e0       0x20 timer0.o
 .debug_aranges
                0x00000100       0x20 i2c-slave.o

.debug_pubnames
                0x00000000      0x282
 *(.debug_pubnames)
 .debug_pubnames
                0x00000000       0x30 main.o
 .debug_pubnames
                0x00000030       0x3f avr-io.o
 .debug_pubnames
                0x0000006f       0x28 adc.o
 .debug_pubnames
                0x00000097       0x42 74hc595.o
 .debug_pubnames
                0x000000d9       0x73 4wire-1602.o
 .debug_pubnames
                0x0000014c       0x28 timer.o
 .debug_pubnames
                0x00000174       0x34 uprint.o
 .debug_pubnames
                0x000001a8       0x56 timer0.o
 .debug_pubnames
                0x000001fe       0x84 i2c-slave.o

.debug_info     0x00000000     0x1558
 *(.debug_info)
 .debug_info    0x00000000      0x196 main.o
 .debug_info    0x00000196      0x138 avr-io.o
 .debug_info    0x000002ce       0xc5 adc.o
 .debug_info    0x00000393      0x3d6 74hc595.o
 .debug_info    0x00000769      0x82f 4wire-1602.o
 .debug_info    0x00000f98       0xb0 timer.o
 .debug_info    0x00001048      0x22b uprint.o
 .debug_info    0x00001273       0xbd timer0.o
 .debug_info    0x00001330      0x228 i2c-slave.o
 *(.gnu.linkonce.wi.*)

.debug_abbrev   0x00000000      0x75b
 *(.debug_abbrev)
 .debug_abbrev  0x00000000       0xde main.o
 .debug_abbrev  0x000000de       0x86 avr-io.o
 .debug_abbrev  0x00000164       0x7f adc.o
 .debug_abbrev  0x000001e3      0x127 74hc595.o
 .debug_abbrev  0x0000030a      0x165 4wire-1602.o
 .debug_abbrev  0x0000046f       0x75 timer.o
 .debug_abbrev  0x000004e4       0xe0 uprint.o
 .debug_abbrev  0x000005c4       0x6a timer0.o
 .debug_abbrev  0x0000062e      0x12d i2c-slave.o

.debug_line     0x00000000     0x1162
 *(.debug_line)
 .debug_line    0x00000000      0x17a main.o
 .debug_line    0x0000017a       0xd7 avr-io.o
 .debug_line    0x00000251       0xfc adc.o
 .debug_line    0x0000034d      0x1f1 74hc595.o
 .debug_line    0x0000053e      0x432 4wire-1602.o
 .debug_line    0x00000970       0x80 timer.o
 .debug_line    0x000009f0      0x38f uprint.o
 .debug_line    0x00000d7f      0x14d timer0.o
 .debug_line    0x00000ecc      0x296 i2c-slave.o

.debug_frame    0x00000000      0x290
 *(.debug_frame)
 .debug_frame   0x00000000       0x40 main.o
 .debug_frame   0x00000040       0x40 avr-io.o
 .debug_frame   0x00000080       0x30 adc.o
 .debug_frame   0x000000b0       0x40 74hc595.o
 .debug_frame   0x000000f0       0x90 4wire-1602.o
 .debug_frame   0x00000180       0x20 timer.o
 .debug_frame   0x000001a0       0x40 uprint.o
 .debug_frame   0x000001e0       0x50 timer0.o
 .debug_frame   0x00000230       0x60 i2c-slave.o

.debug_str      0x00000000      0x3cb
 *(.debug_str)
 .debug_str     0x00000000       0xe1 main.o
                                0x11a (size before relaxing)
 .debug_str     0x000000e1       0x51 avr-io.o
                                0x11c (size before relaxing)
 .debug_str     0x00000132       0x41 adc.o
                                 0xfb (size before relaxing)
 .debug_str     0x00000173       0x80 74hc595.o
                                0x182 (size before relaxing)
 .debug_str     0x000001f3       0x8b 4wire-1602.o
                                0x1b7 (size before relaxing)
 .debug_str     0x0000027e       0x27 timer.o
                                 0xed (size before relaxing)
 .debug_str     0x000002a5       0x53 uprint.o
                                 0xbd (size before relaxing)
 .debug_str     0x000002f8       0x5a timer0.o
                                0x11c (size before relaxing)
 .debug_str     0x00000352       0x79 i2c-slave.o
                                0x180 (size before relaxing)

.debug_loc      0x00000000      0x68f
 *(.debug_loc)
 .debug_loc     0x00000000       0x6c main.o
 .debug_loc     0x0000006c      0x15d avr-io.o
 .debug_loc     0x000001c9       0x13 adc.o
 .debug_loc     0x000001dc       0xc6 74hc595.o
 .debug_loc     0x000002a2      0x27d 4wire-1602.o
 .debug_loc     0x0000051f       0xf2 uprint.o
 .debug_loc     0x00000611       0x7e i2c-slave.o

.debug_macinfo
 *(.debug_macinfo)
OUTPUT(xfreq-avr.elf elf32-avr)
LOAD linker stubs

.debug_ranges   0x00000000       0x60
 .debug_ranges  0x00000000       0x60 74hc595.o
