Archive member included because of file (symbol)

C:/WinAVR/lib/gcc/avr/3.4.6/avr4\libgcc.a(_copy_data.o)
                              main.o (__do_copy_data)
C:/WinAVR/lib/gcc/avr/3.4.6/avr4\libgcc.a(_clear_bss.o)
                              main.o (__do_clear_bss)

Memory Configuration

Name             Origin             Length             Attributes
text             0x00000000         0x00002000         xr
data             0x00800060         0x0000ffa0         rw !x
eeprom           0x00810000         0x00010000         rw !x
*default*        0x00000000         0xffffffff

Linker script and memory map

LOAD C:/WinAVR/bin/../lib/gcc/avr/3.4.6/../../../../avr/lib/avr4/crtm8.o
LOAD main.o
LOAD led.o
LOAD pwm.o
LOAD 74hc595.o
LOAD avrio.o
LOAD C:/WinAVR/lib/gcc/avr/3.4.6/avr4\libgcc.a
LOAD C:/WinAVR/bin/../lib/gcc/avr/3.4.6/../../../../avr/lib/avr4\libc.a
LOAD C:/WinAVR/lib/gcc/avr/3.4.6/avr4\libgcc.a

.hash
 *(.hash)

.dynsym
 *(.dynsym)

.dynstr
 *(.dynstr)

.gnu.version
 *(.gnu.version)

.gnu.version_d
 *(.gnu.version_d)

.gnu.version_r
 *(.gnu.version_r)

.rel.init
 *(.rel.init)

.rela.init
 *(.rela.init)

.rel.text
 *(.rel.text)
 *(.rel.text.*)
 *(.rel.gnu.linkonce.t*)

.rela.text
 *(.rela.text)
 *(.rela.text.*)
 *(.rela.gnu.linkonce.t*)

.rel.fini
 *(.rel.fini)

.rela.fini
 *(.rela.fini)

.rel.rodata
 *(.rel.rodata)
 *(.rel.rodata.*)
 *(.rel.gnu.linkonce.r*)

.rela.rodata
 *(.rela.rodata)
 *(.rela.rodata.*)
 *(.rela.gnu.linkonce.r*)

.rel.data
 *(.rel.data)
 *(.rel.data.*)
 *(.rel.gnu.linkonce.d*)

.rela.data
 *(.rela.data)
 *(.rela.data.*)
 *(.rela.gnu.linkonce.d*)

.rel.ctors
 *(.rel.ctors)

.rela.ctors
 *(.rela.ctors)

.rel.dtors
 *(.rel.dtors)

.rela.dtors
 *(.rela.dtors)

.rel.got
 *(.rel.got)

.rela.got
 *(.rela.got)

.rel.bss
 *(.rel.bss)

.rela.bss
 *(.rela.bss)

.rel.plt
 *(.rel.plt)

.rela.plt
 *(.rela.plt)

.text           0x00000000      0x324
 *(.vectors)
 .vectors       0x00000000       0x26 C:/WinAVR/bin/../lib/gcc/avr/3.4.6/../../../../avr/lib/avr4/crtm8.o
                0x00000000                __vectors
                0x00000000                __vector_default
                0x00000026                __ctors_start = .
 *(.ctors)
                0x00000026                __ctors_end = .
                0x00000026                __dtors_start = .
 *(.dtors)
                0x00000026                __dtors_end = .
 *(.progmem.gcc*)
 *(.progmem*)
                0x00000026                . = ALIGN (0x2)
 *(.init0)
 *(.init1)
 *(.init2)
 .init2         0x00000026        0xc C:/WinAVR/bin/../lib/gcc/avr/3.4.6/../../../../avr/lib/avr4/crtm8.o
 *(.init3)
 *(.init4)
 .init4         0x00000032       0x16 C:/WinAVR/lib/gcc/avr/3.4.6/avr4\libgcc.a(_copy_data.o)
                0x00000032                __do_copy_data
 .init4         0x00000048       0x10 C:/WinAVR/lib/gcc/avr/3.4.6/avr4\libgcc.a(_clear_bss.o)
                0x00000048                __do_clear_bss
 *(.init5)
 *(.init6)
 *(.init7)
 *(.init8)
 *(.init9)
 .init9         0x00000058        0x2 C:/WinAVR/bin/../lib/gcc/avr/3.4.6/../../../../avr/lib/avr4/crtm8.o
 *(.text)
 .text          0x0000005a        0x2 C:/WinAVR/bin/../lib/gcc/avr/3.4.6/../../../../avr/lib/avr4/crtm8.o
                0x0000005a                __vector_1
                0x0000005a                __vector_12
                0x0000005a                __bad_interrupt
                0x0000005a                __vector_6
                0x0000005a                __vector_3
                0x0000005a                __vector_11
                0x0000005a                __vector_13
                0x0000005a                __vector_17
                0x0000005a                __vector_7
                0x0000005a                __vector_5
                0x0000005a                __vector_4
                0x0000005a                __vector_9
                0x0000005a                __vector_2
                0x0000005a                __vector_15
                0x0000005a                __vector_8
                0x0000005a                __vector_14
                0x0000005a                __vector_10
                0x0000005a                __vector_16
                0x0000005a                __vector_18
 .text          0x0000005c       0xe2 main.o
                0x00000094                main
                0x0000005c                keydown
                0x00000078                keyup
 .text          0x0000013e       0x94 led.o
                0x0000016a                sharp_flash
                0x0000013e                led_init
 .text          0x000001d2       0x3a pwm.o
                0x000001ee                pwm_init
                0x00000204                pwm_setduty
                0x000001d2                pwm_demo
 .text          0x0000020c       0x9c 74hc595.o
                0x00000232                shiftout
                0x0000020c                init_74hc595
                0x0000027e                write_74hc595
 .text          0x000002a8       0x7c avrio.o
                0x000002a8                __set_port_mode
                0x00000324                . = ALIGN (0x2)
 *(.text.*)
                0x00000324                . = ALIGN (0x2)
 *(.fini9)
 *(.fini8)
 *(.fini7)
 *(.fini6)
 *(.fini5)
 *(.fini4)
 *(.fini3)
 *(.fini2)
 *(.fini1)
 *(.fini0)
                0x00000324                _etext = .

.data           0x00800060        0x2 load address 0x00000324
                0x00800060                PROVIDE (__data_start, .)
 *(.data)
 .data          0x00800060        0x1 main.o
                0x00800060                duty
 .data          0x00800061        0x1 led.o
                0x00800061                mod
 *(.gnu.linkonce.d*)
                0x00800062                . = ALIGN (0x2)
                0x00800062                _edata = .
                0x00800062                PROVIDE (__data_end, .)

.bss            0x00800062        0x2
                0x00800062                PROVIDE (__bss_start, .)
 *(.bss)
 .bss           0x00800062        0x2 main.o
                0x00800062                i
 *(COMMON)
                0x00800064                PROVIDE (__bss_end, .)
                0x00000324                __data_load_start = LOADADDR (.data)
                0x00000326                __data_load_end = (__data_load_start + SIZEOF (.data))

.noinit         0x00800064        0x0
                0x00800064                PROVIDE (__noinit_start, .)
 *(.noinit*)
                0x00800064                PROVIDE (__noinit_end, .)
                0x00800064                _end = .
                0x00800064                PROVIDE (__heap_start, .)

.eeprom         0x00810000        0x0
 *(.eeprom*)
                0x00810000                __eeprom_end = .

.stab           0x00000000      0x36c
 *(.stab)
 .stab          0x00000000      0x36c C:/WinAVR/bin/../lib/gcc/avr/3.4.6/../../../../avr/lib/avr4/crtm8.o

.stabstr        0x00000000       0x84
 *(.stabstr)
 .stabstr       0x00000000       0x84 C:/WinAVR/bin/../lib/gcc/avr/3.4.6/../../../../avr/lib/avr4/crtm8.o

.stab.excl
 *(.stab.excl)

.stab.exclstr
 *(.stab.exclstr)

.stab.index
 *(.stab.index)

.stab.indexstr
 *(.stab.indexstr)

.comment
 *(.comment)

.debug
 *(.debug)

.line
 *(.line)

.debug_srcinfo
 *(.debug_srcinfo)

.debug_sfnames
 *(.debug_sfnames)

.debug_aranges  0x00000000       0x64
 *(.debug_aranges)
 .debug_aranges
                0x00000000       0x14 main.o
 .debug_aranges
                0x00000014       0x14 led.o
 .debug_aranges
                0x00000028       0x14 pwm.o
 .debug_aranges
                0x0000003c       0x14 74hc595.o
 .debug_aranges
                0x00000050       0x14 avrio.o

.debug_pubnames
                0x00000000      0x11b
 *(.debug_pubnames)
 .debug_pubnames
                0x00000000       0x40 main.o
 .debug_pubnames
                0x00000040       0x37 led.o
 .debug_pubnames
                0x00000077       0x3c pwm.o
 .debug_pubnames
                0x000000b3       0x42 74hc595.o
 .debug_pubnames
                0x000000f5       0x26 avrio.o

.debug_info     0x00000000      0xa08
 *(.debug_info)
 .debug_info    0x00000000      0x303 main.o
 .debug_info    0x00000303      0x1f8 led.o
 .debug_info    0x000004fb      0x1c3 pwm.o
 .debug_info    0x000006be      0x28e 74hc595.o
 .debug_info    0x0000094c       0xbc avrio.o
 *(.gnu.linkonce.wi.*)

.debug_abbrev   0x00000000      0x423
 *(.debug_abbrev)
 .debug_abbrev  0x00000000       0xf4 main.o
 .debug_abbrev  0x000000f4       0xd8 led.o
 .debug_abbrev  0x000001cc       0xe6 pwm.o
 .debug_abbrev  0x000002b2      0x102 74hc595.o
 .debug_abbrev  0x000003b4       0x6f avrio.o

.debug_line     0x00000000      0x5b0
 *(.debug_line)
 .debug_line    0x00000000      0x1a6 main.o
 .debug_line    0x000001a6      0x10e led.o
 .debug_line    0x000002b4      0x107 pwm.o
 .debug_line    0x000003bb      0x155 74hc595.o
 .debug_line    0x00000510       0xa0 avrio.o

.debug_frame
 *(.debug_frame)

.debug_str      0x00000000      0x19f
 *(.debug_str)
 .debug_str     0x00000000       0xfe main.o
                                0x13c (size before relaxing)
 .debug_str     0x000000fe       0x15 led.o
                                0x114 (size before relaxing)
 .debug_str     0x00000113       0x4c pwm.o
                                0x142 (size before relaxing)
 .debug_str     0x0000015f       0x1b 74hc595.o
                                0x12b (size before relaxing)
 .debug_str     0x0000017a       0x25 avrio.o
                                 0xdd (size before relaxing)

.debug_loc
 *(.debug_loc)

.debug_macinfo
 *(.debug_macinfo)
OUTPUT(i-charger-m8.elf elf32-avr)
