Archive member included because of file (symbol)

C:/WinAVR/lib/gcc/avr/3.4.6/avr4\libgcc.a(_udivmodhi4.o)
                              4wire-1602.o (__udivmodhi4)
C:/WinAVR/lib/gcc/avr/3.4.6/avr4\libgcc.a(_copy_data.o)
                              main.o (__do_copy_data)
C:/WinAVR/lib/gcc/avr/3.4.6/avr4\libgcc.a(_clear_bss.o)
                              main.o (__do_clear_bss)
C:/WinAVR/lib/gcc/avr/3.4.6/avr4\libgcc.a(_addsub_sf.o)
                              charger.o (__addsf3)
C:/WinAVR/lib/gcc/avr/3.4.6/avr4\libgcc.a(_mul_sf.o)
                              main.o (__mulsf3)
C:/WinAVR/lib/gcc/avr/3.4.6/avr4\libgcc.a(_div_sf.o)
                              charger.o (__divsf3)
C:/WinAVR/lib/gcc/avr/3.4.6/avr4\libgcc.a(_gt_sf.o)
                              charger.o (__gtsf2)
C:/WinAVR/lib/gcc/avr/3.4.6/avr4\libgcc.a(_ge_sf.o)
                              charger.o (__gesf2)
C:/WinAVR/lib/gcc/avr/3.4.6/avr4\libgcc.a(_lt_sf.o)
                              charger.o (__ltsf2)
C:/WinAVR/lib/gcc/avr/3.4.6/avr4\libgcc.a(_le_sf.o)
                              charger.o (__lesf2)
C:/WinAVR/lib/gcc/avr/3.4.6/avr4\libgcc.a(_si_to_sf.o)
                              charger.o (__floatsisf)
C:/WinAVR/lib/gcc/avr/3.4.6/avr4\libgcc.a(_sf_to_si.o)
                              main.o (__fixsfsi)
C:/WinAVR/lib/gcc/avr/3.4.6/avr4\libgcc.a(_thenan_sf.o)
                              C:/WinAVR/lib/gcc/avr/3.4.6/avr4\libgcc.a(_addsub_sf.o) (__thenan_sf)
C:/WinAVR/lib/gcc/avr/3.4.6/avr4\libgcc.a(_prologue.o)
                              C:/WinAVR/lib/gcc/avr/3.4.6/avr4\libgcc.a(_addsub_sf.o) (__prologue_saves__)
C:/WinAVR/lib/gcc/avr/3.4.6/avr4\libgcc.a(_epilogue.o)
                              C:/WinAVR/lib/gcc/avr/3.4.6/avr4\libgcc.a(_addsub_sf.o) (__epilogue_restores__)
C:/WinAVR/lib/gcc/avr/3.4.6/avr4\libgcc.a(_pack_sf.o)
                              C:/WinAVR/lib/gcc/avr/3.4.6/avr4\libgcc.a(_addsub_sf.o) (__pack_f)
C:/WinAVR/lib/gcc/avr/3.4.6/avr4\libgcc.a(_unpack_sf.o)
                              C:/WinAVR/lib/gcc/avr/3.4.6/avr4\libgcc.a(_addsub_sf.o) (__unpack_f)
C:/WinAVR/lib/gcc/avr/3.4.6/avr4\libgcc.a(_fpcmp_parts_sf.o)
                              C:/WinAVR/lib/gcc/avr/3.4.6/avr4\libgcc.a(_gt_sf.o) (__fpcmp_parts_f)

Memory Configuration

Name             Origin             Length             Attributes
text             0x00000000         0x00002000         xr
data             0x00800060         0x0000ffa0         rw !x
eeprom           0x00810000         0x00010000         rw !x
*default*        0x00000000         0xffffffff

Linker script and memory map

LOAD C:/WinAVR/bin/../lib/gcc/avr/3.4.6/../../../../avr/lib/avr4/crtm8.o
LOAD main.o
LOAD led.o
LOAD pwm.o
LOAD 74hc595.o
LOAD avrio.o
LOAD 4wire-1602.o
LOAD adc.o
LOAD timer0.o
LOAD charger.o
LOAD C:/WinAVR/lib/gcc/avr/3.4.6/avr4\libgcc.a
LOAD C:/WinAVR/bin/../lib/gcc/avr/3.4.6/../../../../avr/lib/avr4\libc.a
LOAD C:/WinAVR/lib/gcc/avr/3.4.6/avr4\libgcc.a

.hash
 *(.hash)

.dynsym
 *(.dynsym)

.dynstr
 *(.dynstr)

.gnu.version
 *(.gnu.version)

.gnu.version_d
 *(.gnu.version_d)

.gnu.version_r
 *(.gnu.version_r)

.rel.init
 *(.rel.init)

.rela.init
 *(.rela.init)

.rel.text
 *(.rel.text)
 *(.rel.text.*)
 *(.rel.gnu.linkonce.t*)

.rela.text
 *(.rela.text)
 *(.rela.text.*)
 *(.rela.gnu.linkonce.t*)

.rel.fini
 *(.rel.fini)

.rela.fini
 *(.rela.fini)

.rel.rodata
 *(.rel.rodata)
 *(.rel.rodata.*)
 *(.rel.gnu.linkonce.r*)

.rela.rodata
 *(.rela.rodata)
 *(.rela.rodata.*)
 *(.rela.gnu.linkonce.r*)

.rel.data
 *(.rel.data)
 *(.rel.data.*)
 *(.rel.gnu.linkonce.d*)

.rela.data
 *(.rela.data)
 *(.rela.data.*)
 *(.rela.gnu.linkonce.d*)

.rel.ctors
 *(.rel.ctors)

.rela.ctors
 *(.rela.ctors)

.rel.dtors
 *(.rel.dtors)

.rela.dtors
 *(.rela.dtors)

.rel.got
 *(.rel.got)

.rela.got
 *(.rela.got)

.rel.bss
 *(.rel.bss)

.rela.bss
 *(.rela.bss)

.rel.plt
 *(.rel.plt)

.rela.plt
 *(.rela.plt)

.text           0x00000000     0x1b2c
 *(.vectors)
 .vectors       0x00000000       0x26 C:/WinAVR/bin/../lib/gcc/avr/3.4.6/../../../../avr/lib/avr4/crtm8.o
                0x00000000                __vectors
                0x00000000                __vector_default
                0x00000026                __ctors_start = .
 *(.ctors)
                0x00000026                __ctors_end = .
                0x00000026                __dtors_start = .
 *(.dtors)
                0x00000026                __dtors_end = .
 *(.progmem.gcc*)
 *(.progmem*)
                0x00000026                . = ALIGN (0x2)
 *(.init0)
 *(.init1)
 *(.init2)
 .init2         0x00000026        0xc C:/WinAVR/bin/../lib/gcc/avr/3.4.6/../../../../avr/lib/avr4/crtm8.o
 *(.init3)
 *(.init4)
 .init4         0x00000032       0x16 C:/WinAVR/lib/gcc/avr/3.4.6/avr4\libgcc.a(_copy_data.o)
                0x00000032                __do_copy_data
 .init4         0x00000048       0x10 C:/WinAVR/lib/gcc/avr/3.4.6/avr4\libgcc.a(_clear_bss.o)
                0x00000048                __do_clear_bss
 *(.init5)
 *(.init6)
 *(.init7)
 *(.init8)
 *(.init9)
 .init9         0x00000058        0x2 C:/WinAVR/bin/../lib/gcc/avr/3.4.6/../../../../avr/lib/avr4/crtm8.o
 *(.text)
 .text          0x0000005a        0x2 C:/WinAVR/bin/../lib/gcc/avr/3.4.6/../../../../avr/lib/avr4/crtm8.o
                0x0000005a                __vector_1
                0x0000005a                __vector_12
                0x0000005a                __bad_interrupt
                0x0000005a                __vector_6
                0x0000005a                __vector_3
                0x0000005a                __vector_11
                0x0000005a                __vector_13
                0x0000005a                __vector_17
                0x0000005a                __vector_7
                0x0000005a                __vector_5
                0x0000005a                __vector_4
                0x0000005a                __vector_9
                0x0000005a                __vector_2
                0x0000005a                __vector_15
                0x0000005a                __vector_8
                0x0000005a                __vector_14
                0x0000005a                __vector_10
                0x0000005a                __vector_16
                0x0000005a                __vector_18
 .text          0x0000005c      0x10a main.o
                0x00000104                main
                0x0000005c                keydown
                0x00000078                keyup
                0x00000094                updata_lcd
 .text          0x00000166       0x1a led.o
                0x00000166                led_init
 .text          0x00000180       0x32 pwm.o
                0x000001aa                pwm_getduty
                0x00000180                pwm_init
                0x000001a2                pwm_setduty
 .text          0x000001b2       0x76 74hc595.o
                0x000001c8                shiftout
                0x000001ba                init_74hc595
                0x0000020e                write_74hc595
 .text          0x00000228       0x98 avrio.o
                0x000002a4                _delay_s
                0x00000228                __set_port_mode
 .text          0x000002c0      0x216 4wire-1602.o
                0x0000045e                print10
                0x000004d0                lcd_putc
                0x00000340                io_delay
                0x00000348                io_50ms
                0x00000418                lcd_cursor
                0x00000430                lcd_puts
                0x000003e2                lcd1602_init
                0x0000044e                hex2c
 .text          0x000004d6       0x3c adc.o
                0x000004ea                _adc
                0x000004d6                adc_init
 .text          0x00000512        0xe timer0.o
                0x00000512                timer0_init
 .text          0x00000520      0x86e charger.o
                0x0000075a                info
                0x000006e0                adc_A
                0x00000774                infon
                0x0000079c                in_chaging
                0x00000b42                charging
                0x00000bea                detect_type
                0x00000520                lowpass_adc
                0x00000c5a                detect_array
                0x00000bac                detect_cell
                0x00000846                charging_mode
                0x00000736                ic_update_lcd
                0x00000cfa                stop
                0x000006ae                adc_V
                0x0000079e                adj_current
 .text          0x00000d8e      0x2f8 C:/WinAVR/lib/gcc/avr/3.4.6/avr4\libgcc.a(_addsub_sf.o)
                0x00001028                __subsf3
                0x00000fd2                __addsf3
 .text          0x00001086      0x22c C:/WinAVR/lib/gcc/avr/3.4.6/avr4\libgcc.a(_mul_sf.o)
                0x00001086                __mulsf3
 .text          0x000012b2      0x156 C:/WinAVR/lib/gcc/avr/3.4.6/avr4\libgcc.a(_div_sf.o)
                0x000012b2                __divsf3
 .text          0x00001408       0x62 C:/WinAVR/lib/gcc/avr/3.4.6/avr4\libgcc.a(_gt_sf.o)
                0x00001408                __gtsf2
 .text          0x0000146a       0x62 C:/WinAVR/lib/gcc/avr/3.4.6/avr4\libgcc.a(_ge_sf.o)
                0x0000146a                __gesf2
 .text          0x000014cc       0x62 C:/WinAVR/lib/gcc/avr/3.4.6/avr4\libgcc.a(_lt_sf.o)
                0x000014cc                __ltsf2
 .text          0x0000152e       0x62 C:/WinAVR/lib/gcc/avr/3.4.6/avr4\libgcc.a(_le_sf.o)
                0x0000152e                __lesf2
 .text          0x00001590       0xc2 C:/WinAVR/lib/gcc/avr/3.4.6/avr4\libgcc.a(_si_to_sf.o)
                0x00001590                __floatsisf
 .text          0x00001652       0x9e C:/WinAVR/lib/gcc/avr/3.4.6/avr4\libgcc.a(_sf_to_si.o)
                0x00001652                __fixsfsi
 .text          0x000016f0      0x1cc C:/WinAVR/lib/gcc/avr/3.4.6/avr4\libgcc.a(_pack_sf.o)
                0x000016f0                __pack_f
 .text          0x000018bc       0xf4 C:/WinAVR/lib/gcc/avr/3.4.6/avr4\libgcc.a(_unpack_sf.o)
                0x000018bc                __unpack_f
 .text          0x000019b0       0xe6 C:/WinAVR/lib/gcc/avr/3.4.6/avr4\libgcc.a(_fpcmp_parts_sf.o)
                0x000019b0                __fpcmp_parts_f
                0x00001a96                . = ALIGN (0x2)
 *(.text.*)
 .text.libgcc   0x00001a96       0x28 C:/WinAVR/lib/gcc/avr/3.4.6/avr4\libgcc.a(_udivmodhi4.o)
                0x00001a96                __udivmodhi4
 .text.libgcc   0x00001abe       0x38 C:/WinAVR/lib/gcc/avr/3.4.6/avr4\libgcc.a(_prologue.o)
                0x00001abe                __prologue_saves__
 .text.libgcc   0x00001af6       0x36 C:/WinAVR/lib/gcc/avr/3.4.6/avr4\libgcc.a(_epilogue.o)
                0x00001af6                __epilogue_restores__
                0x00001b2c                . = ALIGN (0x2)
 *(.fini9)
 *(.fini8)
 *(.fini7)
 *(.fini6)
 *(.fini5)
 *(.fini4)
 *(.fini3)
 *(.fini2)
 *(.fini1)
 *(.fini0)
                0x00001b2c                _etext = .

.data           0x00800060       0x68 load address 0x00001b2c
                0x00800060                PROVIDE (__data_start, .)
 *(.data)
 .data          0x00800060        0x6 main.o
 .data          0x00800066        0x1 led.o
                0x00800066                mod
 .data          0x00800067       0x58 charger.o
                0x00800067                _fun
 .data          0x008000bf        0x8 C:/WinAVR/lib/gcc/avr/3.4.6/avr4\libgcc.a(_thenan_sf.o)
                0x008000bf                __thenan_sf
 *(.gnu.linkonce.d*)
                0x008000c8                . = ALIGN (0x2)
 *fill*         0x008000c7        0x1 00
                0x008000c8                _edata = .
                0x008000c8                PROVIDE (__data_end, .)

.bss            0x008000c8       0x2e
                0x008000c8                PROVIDE (__bss_start, .)
 *(.bss)
 .bss           0x008000c8       0x1f main.o
                0x008000ca                charger
                0x008000c8                i
                0x008000c9                duty
 .bss           0x008000e7        0x6 4wire-1602.o
 .bss           0x008000ed        0x4 timer0.o
                0x008000ed                jiffers
 .bss           0x008000f1        0x5 charger.o
 *(COMMON)
                0x008000f6                PROVIDE (__bss_end, .)
                0x00001b2c                __data_load_start = LOADADDR (.data)
                0x00001b94                __data_load_end = (__data_load_start + SIZEOF (.data))

.noinit         0x008000f6        0x0
                0x008000f6                PROVIDE (__noinit_start, .)
 *(.noinit*)
                0x008000f6                PROVIDE (__noinit_end, .)
                0x008000f6                _end = .
                0x008000f6                PROVIDE (__heap_start, .)

.eeprom         0x00810000        0x0
 *(.eeprom*)
                0x00810000                __eeprom_end = .

.stab           0x00000000      0x36c
 *(.stab)
 .stab          0x00000000      0x36c C:/WinAVR/bin/../lib/gcc/avr/3.4.6/../../../../avr/lib/avr4/crtm8.o

.stabstr        0x00000000       0x84
 *(.stabstr)
 .stabstr       0x00000000       0x84 C:/WinAVR/bin/../lib/gcc/avr/3.4.6/../../../../avr/lib/avr4/crtm8.o

.stab.excl
 *(.stab.excl)

.stab.exclstr
 *(.stab.exclstr)

.stab.index
 *(.stab.index)

.stab.indexstr
 *(.stab.indexstr)

.comment
 *(.comment)

.debug
 *(.debug)

.line
 *(.line)

.debug_srcinfo
 *(.debug_srcinfo)

.debug_sfnames
 *(.debug_sfnames)

.debug_aranges  0x00000000       0xb4
 *(.debug_aranges)
 .debug_aranges
                0x00000000       0x14 main.o
 .debug_aranges
                0x00000014       0x14 led.o
 .debug_aranges
                0x00000028       0x14 pwm.o
 .debug_aranges
                0x0000003c       0x14 74hc595.o
 .debug_aranges
                0x00000050       0x14 avrio.o
 .debug_aranges
                0x00000064       0x14 4wire-1602.o
 .debug_aranges
                0x00000078       0x14 adc.o
 .debug_aranges
                0x0000008c       0x14 timer0.o
 .debug_aranges
                0x000000a0       0x14 charger.o

.debug_pubnames
                0x00000000      0x2e3
 *(.debug_pubnames)
 .debug_pubnames
                0x00000000       0x5b main.o
 .debug_pubnames
                0x0000005b       0x27 led.o
 .debug_pubnames
                0x00000082       0x3f pwm.o
 .debug_pubnames
                0x000000c1       0x42 74hc595.o
 .debug_pubnames
                0x00000103       0x33 avrio.o
 .debug_pubnames
                0x00000136       0x7b 4wire-1602.o
 .debug_pubnames
                0x000001b1       0x28 adc.o
 .debug_pubnames
                0x000001d9       0x2e timer0.o
 .debug_pubnames
                0x00000207       0xdc charger.o

.debug_info     0x00000000     0x13b4
 *(.debug_info)
 .debug_info    0x00000000      0x3ba main.o
 .debug_info    0x000003ba       0x96 led.o
 .debug_info    0x00000450       0xb0 pwm.o
 .debug_info    0x00000500      0x172 74hc595.o
 .debug_info    0x00000672      0x174 avrio.o
 .debug_info    0x000007e6      0x356 4wire-1602.o
 .debug_info    0x00000b3c       0xd1 adc.o
 .debug_info    0x00000c0d       0x84 timer0.o
 .debug_info    0x00000c91      0x723 charger.o
 *(.gnu.linkonce.wi.*)

.debug_abbrev   0x00000000      0x851
 *(.debug_abbrev)
 .debug_abbrev  0x00000000      0x17f main.o
 .debug_abbrev  0x0000017f       0x5f led.o
 .debug_abbrev  0x000001de       0x78 pwm.o
 .debug_abbrev  0x00000256      0x101 74hc595.o
 .debug_abbrev  0x00000357       0xea avrio.o
 .debug_abbrev  0x00000441      0x154 4wire-1602.o
 .debug_abbrev  0x00000595       0x90 adc.o
 .debug_abbrev  0x00000625       0x55 timer0.o
 .debug_abbrev  0x0000067a      0x1d7 charger.o

.debug_line     0x00000000      0xd76
 *(.debug_line)
 .debug_line    0x00000000      0x1ba main.o
 .debug_line    0x000001ba       0x8c led.o
 .debug_line    0x00000246       0xbc pwm.o
 .debug_line    0x00000302      0x129 74hc595.o
 .debug_line    0x0000042b       0xca avrio.o
 .debug_line    0x000004f5      0x263 4wire-1602.o
 .debug_line    0x00000758       0xe6 adc.o
 .debug_line    0x0000083e       0x95 timer0.o
 .debug_line    0x000008d3      0x4a3 charger.o

.debug_frame
 *(.debug_frame)

.debug_str      0x00000000      0x428
 *(.debug_str)
 .debug_str     0x00000000      0x226 main.o
                                0x285 (size before relaxing)
 .debug_str     0x00000226        0x9 led.o
                                 0xc9 (size before relaxing)
 .debug_str     0x0000022f       0x2a pwm.o
                                 0xe1 (size before relaxing)
 .debug_str     0x00000259       0x64 74hc595.o
                                0x138 (size before relaxing)
 .debug_str     0x000002bd       0x2e avrio.o
                                0x12d (size before relaxing)
 .debug_str     0x000002eb       0x70 4wire-1602.o
                                0x1d0 (size before relaxing)
 .debug_str     0x0000035b       0x19 adc.o
                                 0xd9 (size before relaxing)
 .debug_str     0x00000374       0x20 timer0.o
                                 0xd2 (size before relaxing)
 .debug_str     0x00000394       0x94 charger.o
                                0x2b8 (size before relaxing)

.debug_loc
 *(.debug_loc)

.debug_macinfo
 *(.debug_macinfo)
OUTPUT(i-charger-m8.elf elf32-avr)
