C51 COMPILER V8.01   HELLOC51                                                              07/26/2009 17:43:52 PAGE 1   


C51 COMPILER V8.01, COMPILATION OF MODULE HELLOC51
OBJECT MODULE PLACED IN helloc51.OBJ
COMPILER INVOKED BY: C:\Keil\C51\BIN\C51.EXE helloc51.c BROWSE DEBUG OBJECTEXTEND

line level    source

   1          //#include "reg51.h"
   2          #include <AT89X51.h>
   3          
   4                             
   5          xdelay()
   6          {
   7   1        int a;
   8   1        for (a=0; a<5000; a++); 
   9   1      }
  10          
  11          ldelay()
  12          {
  13   1        int a;
  14   1        for (a=0; a<30000; a++); 
  15   1      }
  16          
  17          
  18          ona()
  19          {
  20   1         P2_0=1; xdelay();
  21   1         P2_1=1; xdelay();
  22   1         P2_2=1; xdelay();
  23   1      }
  24          
  25          offa()
  26          {
  27   1      
  28   1         P2_0=0; xdelay();
  29   1         P2_1=0; xdelay();
  30   1         P2_2=0; xdelay();
  31   1      }
  32          
  33          qon()
  34          {
  35   1         P2_0=1;
  36   1               ldelay();      ldelay();
  37   1      
  38   1         P2_1=1;
  39   1               ldelay(); ldelay();
  40   1         P2_2=1;
  41   1               ldelay();       ldelay();
  42   1                                                              
  43   1      }
  44          void main(void)
  45          {
  46   1         while(1){
  47   2               qon();
  48   2               ldelay();
  49   2               ldelay();ldelay();
  50   2               offa();
  51   2      
  52   2           ldelay();
  53   2           ona();
  54   2           ldelay();
  55   2           offa();
C51 COMPILER V8.01   HELLOC51                                                              07/26/2009 17:43:52 PAGE 2   

  56   2           ldelay();
  57   2           ona();
  58   2               ldelay();
  59   2           offa();
  60   2      
  61   2      
  62   2         }
  63   1      
  64   1      }
  65          


MODULE INFORMATION:   STATIC OVERLAYABLE
   CODE SIZE        =    113    ----
   CONSTANT SIZE    =   ----    ----
   XDATA SIZE       =   ----    ----
   PDATA SIZE       =   ----    ----
   DATA SIZE        =   ----    ----
   IDATA SIZE       =   ----    ----
   BIT SIZE         =   ----    ----
END OF MODULE INFORMATION.


C51 COMPILATION COMPLETE.  0 WARNING(S),  0 ERROR(S)
